
-----START----         


Using OpenMP with 16 threads


Random seed = 2521



NMAX: 10000000


-----GENERATE MASSES-----     

Setting multiple component systems

 mass 1, fraction 0.9, number 900

 mass 10, fraction 0.1, number 100

M = 1900


-----GENERATE POSITIONS & VELOCITIES-----   

Approximate tidal radius: 100000 (pc)

Generating Plummer model with parameters: N = 1000	 Rh = 1.000	 D = 3.00
Setting cut-off radius of Plummer sphere to approximate tidal radius

Generating Orbits:
Generating orbit #0

Applying centre-of-mass correction.

Re-scaling of orbits (dt ~ N^2!)
Dynamical temperature of centre-of-mass particles kT = 1.900000


Estimating appropriate NNBMAX = 63 and RS0 = 0.467729 [pc]

measuring half-mass radius: 1.0000000 	 1.2752934 (should/is)
and correcting for this factor

rvir = 1.31295	 rh = 1.00000	 rplummer = 0.76628	 rtide = 100000.00000 (pc)

Radial density profile:

#  R [pc]   N [1/pc^3]   M [Msun/pc^3]   L [Lsun/pc^3]   N [1/pc^2]   M [Msun/pc^2]   L [Lsun/pc^2] 
   0.1000     477.4648        477.4648          0.0000     509.2958        795.7747          0.0000
   0.1348     494.7694       1979.0778          0.0000     585.0174        936.0279          0.0000
   0.1816     336.9165        943.3662          0.0000     408.0170        987.8306          0.0000
   0.2448     357.9038       1101.2425          0.0000     342.9018       1087.8264          0.0000
   0.3298     303.7088        506.1814          0.0000     390.6341       1035.1804          0.0000
   0.4445     248.1750        537.7126          0.0000     379.9897        734.8858          0.0000
   0.5990     180.2628        416.8578          0.0000     242.7830        473.7229          0.0000
   0.8073     102.0369        171.0844          0.0000     130.4192        218.4521          0.0000
   1.0880      53.9144        113.1576          0.0000      90.3617        171.1486          0.0000
   1.4662      19.9789         37.2683          0.0000      39.8694         66.5589          0.0000
   1.9759       6.8024         10.5699          0.0000      18.3241         36.2854          0.0000
   2.6628       1.8172          3.3565          0.0000       6.2935          8.0916          0.0000
   3.5885       0.4630          0.7774          0.0000       1.8151          4.7854          0.0000
   4.8361       0.1285          0.2891          0.0000       0.5451          0.8177          0.0000
   6.5173       0.0233          0.0233          0.0000       0.1834          0.1834          0.0000
   8.7831       0.0042          0.0095          0.0000       0.0367          0.0367          0.0000
  11.8365       0.0012          0.0012          0.0000       0.0354          0.0354          0.0000
  15.9514       0.0004          0.0004          0.0000       0.0028          0.0028          0.0000
  21.4969       0.0000          0.0000          0.0000       0.0000          0.0000          0.0000
  28.9703       0.0000          0.0000          0.0000       0.0017          0.0017          0.0000

Cumulative profile:

#  R [pc]         N     M [Msun]     L [Lsun]    N (2D)    M(2D) [Msun]    L(2D) [Lsun]
   0.1000         2        2.000        0.000        16         25.0000          0.0000
   0.1348         5       14.000        0.000        31         49.0000          0.0000
   0.1816        10       28.000        0.000        50         95.0000          0.0000
   0.2448        23       68.000        0.000        79        187.0000          0.0000
   0.3298        50      113.000        0.000       139        346.0000          0.0000
   0.4445       104      230.000        0.000       245        551.0000          0.0000
   0.5990       200      452.000        0.000       368        791.0000          0.0000
   0.8073       333      675.000        0.000       488        992.0000          0.0000
   1.0880       505     1036.000        0.000       639       1278.0000          0.0000
   1.4662       661     1327.000        0.000       760       1480.0000          0.0000
   1.9759       791     1529.000        0.000       861       1680.0000          0.0000
   2.6628       876     1686.000        0.000       924       1761.0000          0.0000
   3.5885       929     1775.000        0.000       957       1848.0000          0.0000
   4.8361       965     1856.000        0.000       975       1875.0000          0.0000
   6.5173       981     1872.000        0.000       986       1886.0000          0.0000
   8.7831       988     1888.000        0.000       990       1890.0000          0.0000
  11.8365       993     1893.000        0.000       997       1897.0000          0.0000
  15.9514       997     1897.000        0.000       998       1898.0000          0.0000
  21.4969       998     1898.000        0.000       998       1898.0000          0.0000
  28.9703      1000     1900.000        0.000      1000       1900.0000          0.0000

Half-number radius = 1.0822 pc (0.8267 pc, 2D)
Half-mass radius = 1.0000 pc (0.7679 pc, 2D)
Half-light radius = 0.0393 pc (0.0153 pc, 2D)

Estimating appropriate NNBMAX = 63 and RS0 = 0.366762 [pc]

Actual half-mass radius of the cluster = (1.0000 / 0.7679) pc (3D / 2D)


-----GENERATE BINARIES-----   

No primordial binaries!


-----SCALING-----      

Re-calculate the total mass after binary generation for scaling: Mnew=1900.000000 
Scaling to astrophysical units. rscale=1.312951; vscale=2.494785

New Time scaling: tscale=0.526278 

-----OUTPUT-----      

Data written to mc.input and mc.dat.10


-----FINISH-----  

Elapsed time: 2.68809 sec
