
-----START----         


Using OpenMP with 16 threads


Random seed = 14159



NMAX: 10000000


-----GENERATE MASSES-----     

Setting stellar masses to 1.0 solar mass

M = 1000


-----GENERATE POSITIONS & VELOCITIES-----   

Approximate tidal radius: 100000 (pc)

Generating Plummer model with parameters: N = 1000	 Rh = 1.000	 D = 3.00
Setting cut-off radius of Plummer sphere to approximate tidal radius

Generating Orbits:
Generating orbit #0

Applying centre-of-mass correction.

Re-scaling of orbits (dt ~ N^2!)
Dynamical temperature of centre-of-mass particles kT = 1.000000


Estimating appropriate NNBMAX = 63 and RS0 = 0.418929 [pc]

measuring half-mass radius: 1.0000000 	 1.3020328 (should/is)
and correcting for this factor

rvir = 1.29830	 rh = 1.00000	 rplummer = 0.76628	 rtide = 100000.00000 (pc)

Radial density profile:

#  R [pc]   N [1/pc^3]   M [Msun/pc^3]   L [Lsun/pc^3]   N [1/pc^2]   M [Msun/pc^2]   L [Lsun/pc^2] 
   0.1000     954.9297        954.9297          0.0000     604.7888        604.7888          0.0000
   0.1347     330.2479        330.2479          0.0000     390.4282        390.4282          0.0000
   0.1815     270.0556        270.0556          0.0000     430.1566        430.1566          0.0000
   0.2446     469.2726        469.2726          0.0000     473.9276        473.9276          0.0000
   0.3295     451.4601        451.4601          0.0000     476.4642        476.4642          0.0000
   0.4440     318.4136        318.4136          0.0000     316.4066        316.4066          0.0000
   0.5982     179.2459        179.2459          0.0000     229.7610        229.7610          0.0000
   0.8059     107.2318        107.2318          0.0000     168.0329        168.0329          0.0000
   1.0859      55.5143         55.5143          0.0000      94.9699         94.9699          0.0000
   1.4630      19.4739         19.4739          0.0000      38.7410         38.7410          0.0000
   1.9712       6.0112          6.0112          0.0000      13.3157         13.3157          0.0000
   2.6558       1.6170          1.6170          0.0000       5.3256          5.3256          0.0000
   3.5782       0.4672          0.4672          0.0000       2.3802          2.3802          0.0000
   4.8210       0.1261          0.1261          0.0000       0.5184          0.5184          0.0000
   6.4955       0.0147          0.0147          0.0000       0.1176          0.1176          0.0000
   8.7515       0.0042          0.0042          0.0000       0.0370          0.0370          0.0000
  11.7912       0.0012          0.0012          0.0000       0.0306          0.0306          0.0000
  15.8865       0.0002          0.0002          0.0000       0.0028          0.0028          0.0000
  21.4043       0.0000          0.0000          0.0000       0.0000          0.0000          0.0000
  28.8386       0.0000          0.0000          0.0000       0.0009          0.0009          0.0000

Cumulative profile:

#  R [pc]         N     M [Msun]     L [Lsun]    N (2D)    M(2D) [Msun]    L(2D) [Lsun]
   0.1000         4        4.000        0.000        19         19.0000          0.0000
   0.1347         6        6.000        0.000        29         29.0000          0.0000
   0.1815        10       10.000        0.000        49         49.0000          0.0000
   0.2446        27       27.000        0.000        89         89.0000          0.0000
   0.3295        67       67.000        0.000       162        162.0000          0.0000
   0.4440       136      136.000        0.000       250        250.0000          0.0000
   0.5982       231      231.000        0.000       366        366.0000          0.0000
   0.8059       370      370.000        0.000       520        520.0000          0.0000
   1.0859       546      546.000        0.000       678        678.0000          0.0000
   1.4630       697      697.000        0.000       795        795.0000          0.0000
   1.9712       811      811.000        0.000       868        868.0000          0.0000
   2.6558       886      886.000        0.000       921        921.0000          0.0000
   3.5782       939      939.000        0.000       964        964.0000          0.0000
   4.8210       974      974.000        0.000       981        981.0000          0.0000
   6.4955       984      984.000        0.000       988        988.0000          0.0000
   8.7515       991      991.000        0.000       992        992.0000          0.0000
  11.7912       996      996.000        0.000       998        998.0000          0.0000
  15.8865       998      998.000        0.000       999        999.0000          0.0000
  21.4043       999      999.000        0.000       999        999.0000          0.0000
  28.8386      1000     1000.000        0.000      1000       1000.0000          0.0000

Half-number radius = 1.0000 pc (0.7706 pc, 2D)
Half-mass radius = 1.0000 pc (0.7706 pc, 2D)
Half-light radius = 0.0432 pc (0.0231 pc, 2D)

Estimating appropriate NNBMAX = 63 and RS0 = 0.321750 [pc]

Actual half-mass radius of the cluster = (1.0000 / 0.7706) pc (3D / 2D)


-----GENERATE BINARIES-----   

No primordial binaries!


-----SCALING-----      

Re-calculate the total mass after binary generation for scaling: Mnew=1000.000000 
Scaling to astrophysical units. rscale=1.298304; vscale=1.820088

New Time scaling: tscale=0.713320 

-----OUTPUT-----      

Data written to mc.input and mc.dat.10


-----FINISH-----  

Elapsed time: 5.74082 sec
