No parallel temporary files found to recover.
G : 0.00449830997959438
snapshot_format : ascii
esc_snapshot_format : ascii
calc_energy : True
mass_fraction : [0.01 0.05 0.1  0.2  0.3  0.5  0.7  0.9  0.99]
filename_prefix : data
realtime_save : False
realtime_save_mode : w
/root/FESC/petar_install/include/petar/lagrangian.py:488: RuntimeWarning: invalid value encountered in divide
  self.vr = np.append(self.vr, [-2.0*ekin/epot], axis=0)
/root/FESC/petar_install/include/petar/lagrangian.py:488: RuntimeWarning: invalid value encountered in divide
  self.vr = np.append(self.vr, [-2.0*ekin/epot], axis=0)
/root/FESC/petar_install/include/petar/lagrangian.py:488: RuntimeWarning: invalid value encountered in divide
  self.vr = np.append(self.vr, [-2.0*ekin/epot], axis=0)
/root/FESC/petar_install/include/petar/lagrangian.py:488: RuntimeWarning: invalid value encountered in divide
  self.vr = np.append(self.vr, [-2.0*ekin/epot], axis=0)
/root/FESC/petar_install/include/petar/lagrangian.py:488: RuntimeWarning: invalid value encountered in divide
  self.vr = np.append(self.vr, [-2.0*ekin/epot], axis=0)
/root/FESC/petar_install/include/petar/lagrangian.py:488: RuntimeWarning: invalid value encountered in divide
  self.vr = np.append(self.vr, [-2.0*ekin/epot], axis=0)
/root/FESC/petar_install/include/petar/lagrangian.py:488: RuntimeWarning: invalid value encountered in divide
  self.vr = np.append(self.vr, [-2.0*ekin/epot], axis=0)
/root/FESC/petar_install/include/petar/lagrangian.py:488: RuntimeWarning: invalid value encountered in divide
  self.vr = np.append(self.vr, [-2.0*ekin/epot], axis=0)
/root/FESC/petar_install/include/petar/lagrangian.py:488: RuntimeWarning: invalid value encountered in divide
  self.vr = np.append(self.vr, [-2.0*ekin/epot], axis=0)
/root/FESC/petar_install/include/petar/lagrangian.py:488: RuntimeWarning: invalid value encountered in divide
  self.vr = np.append(self.vr, [-2.0*ekin/epot], axis=0)
lagr data is saved in file: data.lagr
core data is saved in file: data.core
esc_single data is saved in file: data.esc_single
esc_binary data is saved in file: data.esc_binary
CPU time profile:
read 0.09418947994709015
find_pair 0.10295084118843079
density 0.019412100315093994
center_core 0.0016569942235946655
save_data 0.026350855827331543
calc_pot 2.6226043701171875e-06
lagr 0.0471826046705246
escaper 0.01140691339969635
bse 0.0
