
-----START----         


Using OpenMP with 16 threads


Random seed = 153



NMAX: 10000000


-----GENERATE MASSES-----     

Setting multiple component systems

 mass 1, fraction 0.5, number 500

 mass 10, fraction 0.5, number 500

M = 5500


-----GENERATE POSITIONS & VELOCITIES-----   

Approximate tidal radius: 100000 (pc)

Generating Plummer model with parameters: N = 1000	 Rh = 1.000	 D = 3.00
Setting cut-off radius of Plummer sphere to approximate tidal radius

Generating Orbits:
Generating orbit #0

Applying centre-of-mass correction.

Re-scaling of orbits (dt ~ N^2!)
Dynamical temperature of centre-of-mass particles kT = 5.500000


Estimating appropriate NNBMAX = 63 and RS0 = 0.469061 [pc]

measuring half-mass radius: 1.0000000 	 1.3271959 (should/is)
and correcting for this factor

rvir = 1.31894	 rh = 1.00000	 rplummer = 0.76628	 rtide = 100000.00000 (pc)

Radial density profile:

#  R [pc]   N [1/pc^3]   M [Msun/pc^3]   L [Lsun/pc^3]   N [1/pc^2]   M [Msun/pc^2]   L [Lsun/pc^2] 
   0.1000     238.7324       2387.3241          0.0000     350.1409       2641.9721          0.0000
   0.1345       0.0000          0.0000          0.0000     353.6914       1061.0742          0.0000
   0.1810     341.5939       1571.3321          0.0000     651.3767       3191.7460          0.0000
   0.2435     252.5086       1262.5429          0.0000     503.8361       2879.0634          0.0000
   0.3276     437.8352       1785.9069          0.0000     391.0398       2061.2438          0.0000
   0.4407     331.2216       1864.3044          0.0000     362.5210       2043.3001          0.0000
   0.5929     200.1480       1039.6038          0.0000     279.1940       1499.1502          0.0000
   0.7977     126.0854        786.8365          0.0000     162.0779        966.8788          0.0000
   1.0732      49.8132        268.0738          0.0000      90.1650        440.3261          0.0000
   1.4438      20.5914        113.8583          0.0000      36.5088        217.6880          0.0000
   1.9425       5.8033         34.1567          0.0000      13.5730         78.0447          0.0000
   2.6133       1.7931          9.1472          0.0000       5.5201         28.0172          0.0000
   3.5158       0.5313          2.3769          0.0000       2.2442         10.0127          0.0000
   4.7300       0.1225          0.5359          0.0000       0.8584          4.2920          0.0000
   6.3635       0.0299          0.2279          0.0000       0.2108          1.6336          0.0000
   8.5612       0.0058          0.0232          0.0000       0.0485          0.3106          0.0000
  11.5178       0.0013          0.0109          0.0000       0.0161          0.1609          0.0000
  15.4954       0.0002          0.0022          0.0000       0.0030          0.0296          0.0000
  20.8468       0.0001          0.0009          0.0000       0.0016          0.0164          0.0000
  28.0462       0.0000          0.0002          0.0000       0.0009          0.0090          0.0000

Cumulative profile:

#  R [pc]         N     M [Msun]     L [Lsun]    N (2D)    M(2D) [Msun]    L(2D) [Lsun]
   0.1000         1       10.000        0.000        11         83.0000          0.0000
   0.1345         1       10.000        0.000        20        110.0000          0.0000
   0.1810         6       33.000        0.000        50        257.0000          0.0000
   0.2435        15       78.000        0.000        92        497.0000          0.0000
   0.3276        53      233.000        0.000       151        808.0000          0.0000
   0.4407       123      627.000        0.000       250       1366.0000          0.0000
   0.5929       226     1162.000        0.000       388       2107.0000          0.0000
   0.7977       384     2148.000        0.000       533       2972.0000          0.0000
   1.0732       536     2966.000        0.000       679       3685.0000          0.0000
   1.4438       689     3812.000        0.000       786       4323.0000          0.0000
   1.9425       794     4430.000        0.000       858       4737.0000          0.0000
   2.6133       873     4833.000        0.000       911       5006.0000          0.0000
   3.5158       930     5088.000        0.000       950       5180.0000          0.0000
   4.7300       962     5228.000        0.000       977       5315.0000          0.0000
   6.3635       981     5373.000        0.000       989       5408.0000          0.0000
   8.5612       990     5409.000        0.000       994       5440.0000          0.0000
  11.5178       995     5450.000        0.000       997       5470.0000          0.0000
  15.4954       997     5470.000        0.000       998       5480.0000          0.0000
  20.8468       999     5490.000        0.000       999       5490.0000          0.0000
  28.0462      1000     5500.000        0.000      1000       5500.0000          0.0000

Half-number radius = 1.0053 pc (0.7478 pc, 2D)
Half-mass radius = 1.0000 pc (0.7360 pc, 2D)
Half-light radius = 0.0607 pc (0.0423 pc, 2D)

Estimating appropriate NNBMAX = 63 and RS0 = 0.353422 [pc]

Actual half-mass radius of the cluster = (1.0000 / 0.7360) pc (3D / 2D)


-----GENERATE BINARIES-----   

No primordial binaries!


-----SCALING-----      

Re-calculate the total mass after binary generation for scaling: Mnew=5500.000000 
Scaling to astrophysical units. rscale=1.318943; vscale=4.234956

New Time scaling: tscale=0.311442 

-----OUTPUT-----      

Data written to mc.input and mc.dat.10


-----FINISH-----  

Elapsed time: 2.59303 sec
