Hard energy significant ! dE_SD: 4.56084 dE_SD/Etot_SD: -0.001094
Thread: 0 Dump file: data.hard_large_energy_h4_n17_g1_t32.259033_M0_O0_c14_s1790679635
Hard energy significant ! dE_SD: 0.976377 dE_SD/Etot_SD: -0.000234423
Thread: 1 Dump file: data.hard_large_energy_h4_n17_g1_t32.259155_M0_O1_c15_s1790679635
Hard energy significant ! dE_SD: -4.06623 dE_SD/Etot_SD: 0.00097568
Thread: 2 Dump file: data.hard_large_energy_h4_n17_g1_t32.259277_M0_O2_c16_s1790679635
Hard energy significant ! dE_SD: 1.91956 dE_SD/Etot_SD: -0.000461136
Thread: 1 Dump file: data.hard_large_energy_h4_n17_g1_t32.259399_M0_O1_c17_s1790679635
Hard energy significant ! dE_SD: -6.36499 dE_SD/Etot_SD: 0.00152714
Thread: 1 Dump file: data.hard_large_energy_h4_n17_g1_t32.259521_M0_O1_c18_s1790679635
Hard energy significant ! dE_SD: 3.95724 dE_SD/Etot_SD: -0.000950674
Thread: 0 Dump file: data.hard_large_energy_h4_n17_g1_t32.259766_M0_O0_c19_s1790679636
Hard energy significant ! dE_SD: -0.730157 dE_SD/Etot_SD: 0.00017539
Thread: 1 Dump file: data.hard_large_energy_h4_n17_g1_t32.259888_M0_O1_c20_s1790679636
Hard energy significant ! dE_SD: -2.10697 dE_SD/Etot_SD: 0.000652777
Thread: 0 Dump file: data.hard_large_energy_h4_n11_g1_t32.274658_M0_O0_c21_s1790679636
Hard energy significant ! dE_SD: -1.98587 dE_SD/Etot_SD: 0.000625043
Thread: 0 Dump file: data.hard_large_energy_h4_n10_g1_t32.275024_M0_O0_c22_s1790679636
Hard energy significant ! dE_SD: 1.59267 dE_SD/Etot_SD: -0.000501457
Thread: 3 Dump file: data.hard_large_energy_h4_n10_g1_t32.275146_M0_O3_c23_s1790679636
Hard energy significant ! dE_SD: 2.66173 dE_SD/Etot_SD: -0.000915553
Thread: 0 Dump file: data.hard_large_energy_h4_n6_g1_t32.275269_M0_O0_c24_s1790679636
Hard energy significant ! dE_SD: -19.7384 dE_SD/Etot_SD: 0.00674356
Thread: 2 Dump file: data.hard_large_energy_h4_n6_g1_t32.275391_M0_O2_c25_s1790679636
Hard energy significant ! dE_SD: 28.0218 dE_SD/Etot_SD: -0.00966622
Thread: 2 Dump file: data.hard_large_energy_h4_n6_g1_t32.275513_M0_O2_c26_s1790679636
Hard energy significant ! dE_SD: -6.37223 dE_SD/Etot_SD: 0.00219329
Thread: 0 Dump file: data.hard_large_energy_h4_n6_g1_t32.275635_M0_O0_c27_s1790679636
Hard energy significant ! dE_SD: -3.61506 dE_SD/Etot_SD: 0.00124258
Thread: 0 Dump file: data.hard_large_energy_h4_n6_g1_t32.275757_M0_O0_c28_s1790679636
Hard energy significant ! dE_SD: 4.6921 dE_SD/Etot_SD: -0.00161525
Thread: 3 Dump file: data.hard_large_energy_h4_n6_g1_t32.275879_M0_O3_c29_s1790679636
Hard energy significant ! dE_SD: -2.53855 dE_SD/Etot_SD: 0.000873036
Thread: 1 Dump file: data.hard_large_energy_h4_n6_g1_t32.276001_M0_O1_c30_s1790679636
Hard energy significant ! dE_SD: 0.705012 dE_SD/Etot_SD: -0.000242512
Thread: 2 Dump file: data.hard_large_energy_h4_n6_g1_t32.276123_M0_O2_c31_s1790679636
Hard energy significant ! dE_SD: -1.38556 dE_SD/Etot_SD: 0.000476359
Thread: 1 Dump file: data.hard_large_energy_h4_n6_g1_t32.276245_M0_O1_c32_s1790679636
Hard energy significant ! dE_SD: -3.42167 dE_SD/Etot_SD: 0.00117769
Thread: 2 Dump file: data.hard_large_energy_h4_n5_g1_t32.291016_M0_O2_c33_s1790679636
Hard energy significant ! dE_SD: 1.84997 dE_SD/Etot_SD: -0.000637445
Thread: 0 Dump file: data.hard_large_energy_h4_n5_g1_t32.291138_M0_O0_c34_s1790679636
Hard energy significant ! dE_SD: -2.45526 dE_SD/Etot_SD: 0.000845506
Thread: 0 Dump file: data.hard_large_energy_h4_n5_g1_t32.291260_M0_O0_c35_s1790679636
Hard energy significant ! dE_SD: 6.07389 dE_SD/Etot_SD: -0.00209711
Thread: 1 Dump file: data.hard_large_energy_h4_n5_g1_t32.291382_M0_O1_c36_s1790679636
Hard energy significant ! dE_SD: 3.88092 dE_SD/Etot_SD: -0.00134212
Thread: 0 Dump file: data.hard_large_energy_h4_n5_g1_t32.291504_M0_O0_c37_s1790679636
Hard energy significant ! dE_SD: 3.81305 dE_SD/Etot_SD: -0.00132112
Thread: 0 Dump file: data.hard_large_energy_h4_n5_g1_t32.291626_M0_O0_c38_s1790679636
Hard energy significant ! dE_SD: -2.67218 dE_SD/Etot_SD: 0.00092523
Thread: 2 Dump file: data.hard_large_energy_h4_n5_g1_t32.291748_M0_O2_c39_s1790679636
Hard energy significant ! dE_SD: -6.54757 dE_SD/Etot_SD: 0.00226315
Thread: 1 Dump file: data.hard_large_energy_h4_n5_g1_t32.291870_M0_O1_c40_s1790679636
Hard energy significant ! dE_SD: 2.79222 dE_SD/Etot_SD: -0.000966332
Thread: 0 Dump file: data.hard_large_energy_h4_n5_g1_t32.291992_M0_O0_c41_s1790679636
Hard energy significant ! dE_SD: 2.94452 dE_SD/Etot_SD: -0.0010207
Thread: 3 Dump file: data.hard_large_energy_h4_n5_g1_t32.292114_M0_O3_c42_s1790679636
Hard energy significant ! dE_SD: -0.84472 dE_SD/Etot_SD: 0.000262933
Thread: 3 Dump file: data.hard_large_energy_h4_n10_g1_t32.307007_M0_O3_c43_s1790679636
Hard energy significant ! dE_SD: 1.66534 dE_SD/Etot_SD: -0.000518891
Thread: 2 Dump file: data.hard_large_energy_h4_n10_g1_t32.307129_M0_O2_c44_s1790679636
Hard energy significant ! dE_SD: -0.889575 dE_SD/Etot_SD: 0.000277364
Thread: 1 Dump file: data.hard_large_energy_h4_n10_g1_t32.307251_M0_O1_c45_s1790679636
Hard energy significant ! dE_SD: -0.362561 dE_SD/Etot_SD: 0.000113147
Thread: 2 Dump file: data.hard_large_energy_h4_n10_g1_t32.307495_M0_O2_c46_s1790679636
Hard energy significant ! dE_SD: 0.398179 dE_SD/Etot_SD: -0.000124481
Thread: 3 Dump file: data.hard_large_energy_h4_n10_g1_t32.307861_M0_O3_c47_s1790679636
Hard energy significant ! dE_SD: 1.47251 dE_SD/Etot_SD: -0.000461762
Thread: 1 Dump file: data.hard_large_energy_h4_n8_g1_t32.321045_M0_O1_c48_s1790679637
Hard energy significant ! dE_SD: 0.999394 dE_SD/Etot_SD: -0.000313507
Thread: 1 Dump file: data.hard_large_energy_h4_n8_g1_t32.321167_M0_O1_c49_s1790679637
Hard energy significant ! dE_SD: -2.27491 dE_SD/Etot_SD: 0.000713089
Thread: 1 Dump file: data.hard_large_energy_h4_n8_g1_t32.321289_M0_O1_c50_s1790679637
Hard energy significant ! dE_SD: 0.381417 dE_SD/Etot_SD: -0.000128928
Thread: 2 Dump file: data.hard_large_energy_h4_n6_g1_t32.335327_M0_O2_c51_s1790679637
Hard energy significant ! dE_SD: -0.519398 dE_SD/Etot_SD: 0.00017564
Thread: 1 Dump file: data.hard_large_energy_h4_n6_g1_t32.335571_M0_O1_c52_s1790679637
Hard energy significant ! dE_SD: 0.379593 dE_SD/Etot_SD: -0.00012351
Thread: 2 Dump file: data.hard_large_energy_h4_n7_g1_t32.348877_M0_O2_c53_s1790679637
Hard energy significant ! dE_SD: -0.564906 dE_SD/Etot_SD: 0.000183662
Thread: 1 Dump file: data.hard_large_energy_h4_n7_g1_t32.349121_M0_O1_c54_s1790679637
Hard energy significant ! dE_SD: 0.437637 dE_SD/Etot_SD: -0.000142171
Thread: 3 Dump file: data.hard_large_energy_h4_n7_g1_t32.349487_M0_O3_c55_s1790679637
Hard energy significant ! dE_SD: -0.2987 dE_SD/Etot_SD: 0.00010193
Thread: 3 Dump file: data.hard_large_energy_h4_n5_g1_t32.363037_M0_O3_c56_s1790679638
Hard energy significant ! dE_SD: 0.994165 dE_SD/Etot_SD: -0.000339302
Thread: 2 Dump file: data.hard_large_energy_h4_n5_g1_t32.363159_M0_O2_c57_s1790679638
Hard energy significant ! dE_SD: 0.296224 dE_SD/Etot_SD: -0.000101098
Thread: 2 Dump file: data.hard_large_energy_h4_n5_g1_t32.363281_M0_O2_c58_s1790679638
Hard energy significant ! dE_SD: -2.74193 dE_SD/Etot_SD: 0.000933674
Thread: 0 Dump file: data.hard_large_energy_h4_n5_g1_t32.364136_M0_O0_c59_s1790679638
Hard energy significant ! dE_SD: 0.556929 dE_SD/Etot_SD: -0.000189608
Thread: 2 Dump file: data.hard_large_energy_h4_n5_g1_t32.364502_M0_O2_c60_s1790679638
Hard energy significant ! dE_SD: -1.41662 dE_SD/Etot_SD: 0.000357367
Thread: 1 Dump file: data.hard_large_energy_h4_n14_g1_t32.377563_M0_O1_c61_s1790679638
Hard energy significant ! dE_SD: -0.298563 dE_SD/Etot_SD: 0.000104183
Thread: 1 Dump file: data.hard_large_energy_h4_n4_g1_t32.391113_M0_O1_c62_s1790679638
Hard energy significant ! dE_SD: -0.442145 dE_SD/Etot_SD: 0.000154211
Thread: 3 Dump file: data.hard_large_energy_h4_n4_g1_t32.391235_M0_O3_c63_s1790679638
Hard energy significant ! dE_SD: 0.373544 dE_SD/Etot_SD: -0.00013029
Thread: 3 Dump file: data.hard_large_energy_h4_n4_g1_t32.391357_M0_O3_c64_s1790679638
Hard energy significant ! dE_SD: 0.302625 dE_SD/Etot_SD: -0.00010554
Thread: 0 Dump file: data.hard_large_energy_h4_n4_g1_t32.391602_M0_O0_c65_s1790679638
Hard energy significant ! dE_SD: -0.400631 dE_SD/Etot_SD: 0.000139655
Thread: 2 Dump file: data.hard_large_energy_h4_n4_g1_t32.391724_M0_O2_c66_s1790679638
Hard energy significant ! dE_SD: -0.37196 dE_SD/Etot_SD: 0.000127971
Thread: 2 Dump file: data.hard_large_energy_h4_n5_g1_t32.405029_M0_O2_c67_s1790679638
Hard energy significant ! dE_SD: -1.06853 dE_SD/Etot_SD: 0.000367649
Thread: 0 Dump file: data.hard_large_energy_h4_n5_g1_t32.405273_M0_O0_c68_s1790679638
Hard energy significant ! dE_SD: -0.740055 dE_SD/Etot_SD: 0.000254638
Thread: 3 Dump file: data.hard_large_energy_h4_n5_g1_t32.405396_M0_O3_c69_s1790679638
Hard energy significant ! dE_SD: -0.295299 dE_SD/Etot_SD: 0.00010161
Thread: 0 Dump file: data.hard_large_energy_h4_n5_g1_t32.405518_M0_O0_c70_s1790679638
Hard energy significant ! dE_SD: 0.751596 dE_SD/Etot_SD: -0.000258761
Thread: 2 Dump file: data.hard_large_energy_h4_n5_g1_t32.405640_M0_O2_c71_s1790679638
Hard energy significant ! dE_SD: -0.851415 dE_SD/Etot_SD: 0.000293082
Thread: 3 Dump file: data.hard_large_energy_h4_n5_g1_t32.405762_M0_O3_c72_s1790679638
Hard energy significant ! dE_SD: -0.951321 dE_SD/Etot_SD: 0.000317648
Thread: 3 Dump file: data.hard_large_energy_h4_n7_g1_t32.406128_M0_O3_c73_s1790679638
Hard energy significant ! dE_SD: -0.424971 dE_SD/Etot_SD: 0.000143563
Thread: 3 Dump file: data.hard_large_energy_h4_n7_g1_t32.418579_M0_O3_c74_s1790679639
Hard energy significant ! dE_SD: -1.07781 dE_SD/Etot_SD: 0.000363662
Thread: 1 Dump file: data.hard_large_energy_h4_n7_g1_t32.419434_M0_O1_c75_s1790679639
Hard energy significant ! dE_SD: 1.08421 dE_SD/Etot_SD: -0.000365894
Thread: 2 Dump file: data.hard_large_energy_h4_n7_g1_t32.419556_M0_O2_c76_s1790679639
Hard energy significant ! dE_SD: -0.703047 dE_SD/Etot_SD: 0.000237187
Thread: 2 Dump file: data.hard_large_energy_h4_n7_g1_t32.419678_M0_O2_c77_s1790679639
Hard energy significant ! dE_SD: 0.47341 dE_SD/Etot_SD: -0.00013998
Thread: 0 Dump file: data.hard_large_energy_h4_n12_g1_t32.433472_M0_O0_c78_s1790679639
Hard energy significant ! dE_SD: -0.880514 dE_SD/Etot_SD: 0.000260329
Thread: 3 Dump file: data.hard_large_energy_h4_n12_g1_t32.433716_M0_O3_c79_s1790679639
Hard energy significant ! dE_SD: 0.912988 dE_SD/Etot_SD: -0.000270017
Thread: 1 Dump file: data.hard_large_energy_h4_n12_g1_t32.433838_M0_O1_c80_s1790679639
Hard energy significant ! dE_SD: -0.481546 dE_SD/Etot_SD: 0.000132749
Thread: 0 Dump file: data.hard_large_energy_h4_n13_g1_t32.434082_M0_O0_c81_s1790679639
Hard energy significant ! dE_SD: 0.682613 dE_SD/Etot_SD: -0.000199174
Thread: 1 Dump file: data.hard_large_energy_h4_n10_g1_t32.447388_M0_O1_c82_s1790679639
Hard energy significant ! dE_SD: 0.524524 dE_SD/Etot_SD: -0.000153004
Thread: 1 Dump file: data.hard_large_energy_h4_n10_g1_t32.447632_M0_O1_c83_s1790679639
Hard energy significant ! dE_SD: 1.02806 dE_SD/Etot_SD: -0.000299937
Thread: 3 Dump file: data.hard_large_energy_h4_n10_g1_t32.447754_M0_O3_c84_s1790679639
Hard energy significant ! dE_SD: 0.721786 dE_SD/Etot_SD: -0.000210531
Thread: 1 Dump file: data.hard_large_energy_h4_n10_g1_t32.447998_M0_O1_c85_s1790679639
Hard energy significant ! dE_SD: 0.33948 dE_SD/Etot_SD: -0.000111599
Thread: 1 Dump file: data.hard_large_energy_h4_n7_g1_t32.461426_M0_O1_c86_s1790679640
Hard energy significant ! dE_SD: -0.37234 dE_SD/Etot_SD: 0.000111163
Thread: 0 Dump file: data.hard_large_energy_h4_n10_g1_t32.461792_M0_O0_c87_s1790679640
Hard energy significant ! dE_SD: 0.891229 dE_SD/Etot_SD: -0.000225334
Thread: 0 Dump file: data.hard_large_energy_h4_n12_g2_t32.488892_M0_O0_c88_s1790679640

Time: 32.5  N_real(loc): 1000  N_real(glb): 1000  N_all(loc): 1012  N_all(glb): 1012  N_remove(glb): 0  N_escape(glb): 0
Energy:     Error/Total         Error     Error_cum         Total       Kinetic     Potential        Modify  Modify_group Modify_single      Error_PP  Error_PP_cum
Physic:     0.001281259     -34.88327     -25.63305     -27225.77      24964.23        -52190    -0.6652543             0             0     -32.80571     -26.48518
Slowdown:   0.001281204     -34.88178     -25.73608     -27225.77      24964.23        -52190      4505.907             0             0     -32.79992     -26.58052
Angular Momentum:  |L|err: 0.3536904  |L|err_cum: 4.313736  L: -83.8566   -202.0364    230.2195  |L|: 317.5715
C.M.: mass: 5500 pos: 0.09974888   -0.1187853    0.03729891 vel: 0.003178249   0.1033368    0.007602113
Tree step number: 4096
**** Wallclock time per step (local): [Min/Max]
 Total       PP_single   PP_cluster  PP_cross    Tree_NB     Tree_Force  Force_corr  Kick        FindCluster CreateGroup MPI_comm    Output      Status      Other      
   0.0018658   8.233e-06  0.00065944           0  0.00028336  0.00084634  1.1811e-05  4.4207e-06   3.116e-05  2.0662e-05  1.1508e-06  1.0788e-06  1.2644e-09  2.9556e-06
   0.0018659  8.2642e-06  0.00065951           0  0.00028115  0.00084175  1.1857e-05  4.4509e-06  3.1224e-05  2.0687e-05  1.1972e-06  1.0789e-06  1.2717e-09  3.0391e-06
**** FDPS tree soft force time profile (local):
 Sample_ptcl Domain_deco Ex_ptcl     SetRootCell Make_LT     Make_LET    Make_GT     Make_Group  Make_I_list Calc_force  Write_back 
           0           0           0  5.4728e-06  0.00016117  2.0123e-05  0.00013947  2.4066e-06  6.5273e-05  0.00037527  1.0162e-05
**** Tree neighbor time profile (local):
 Sample_ptcl Domain_deco Ex_ptcl     SetRootCell Make_LT     Make_LET    Make_GT     Make_Group  Make_I_list Calc_force  Write_back 
           0           0           0  3.3303e-06  9.1846e-05  1.6362e-05  7.7579e-05  7.0798e-07  1.4378e-05  3.8932e-05  4.7694e-06
**** Number per step (global):
 PP_single   PP_cluster  PP_cross    Cluster     Cross       AR_step_sum
      965.07      34.933           0      12.617           0      254.78
 AR_tsyn_sum Stab_Ngroup Iso_Ngroup  Form_Ngroup End_Ngroup  Modf_Ngroup Merg_Ngroup H4_step_sum H4_no_NB    Ep-Ep_sum   Ep-Sp_sum  
      36.533           1           0       1.103     0.14233      0.5437           0      219.28     0.29077  8.8703e+05       15833
**** Number of members in clusters (global):
N_members:            1           2           3           4           5           6           7           8           9          10          11          12
Count    :       965.07      9.0964       1.749     0.61035     0.35522     0.20825      0.1543    0.093018    0.061523    0.071533    0.069336    0.036377
N_members:           13          14          15          16          17          18          19          20          23          25
Count    :     0.015137    0.032715    0.016602     0.01416    0.010498    0.013916   0.0048828  0.00048828  0.00097656   0.0019531
Hard energy significant ! dE_SD: 0.377742 dE_SD/Etot_SD: -0.000121927
Thread: 3 Dump file: data.hard_large_energy_h4_n8_g1_t32.503174_M0_O3_c89_s1790679640
Hard energy significant ! dE_SD: -0.448091 dE_SD/Etot_SD: 0.000139006
Thread: 1 Dump file: data.hard_large_energy_h4_n9_g1_t32.515137_M0_O1_c90_s1790679641
Hard energy significant ! dE_SD: 1.72803 dE_SD/Etot_SD: -0.000536584
Thread: 0 Dump file: data.hard_large_energy_h4_n9_g1_t32.515259_M0_O0_c91_s1790679641
Hard energy significant ! dE_SD: 0.648091 dE_SD/Etot_SD: -0.000201329
Thread: 0 Dump file: data.hard_large_energy_h4_n9_g1_t32.515381_M0_O0_c92_s1790679641
Hard energy significant ! dE_SD: -4.39392 dE_SD/Etot_SD: 0.00136368
Thread: 0 Dump file: data.hard_large_energy_h4_n9_g1_t32.515503_M0_O0_c93_s1790679641
Hard energy significant ! dE_SD: -10.3917 dE_SD/Etot_SD: 0.00321541
Thread: 2 Dump file: data.hard_large_energy_h4_n9_g1_t32.515625_M0_O2_c94_s1790679641
Hard energy significant ! dE_SD: -21.7802 dE_SD/Etot_SD: 0.00669676
Thread: 2 Dump file: data.hard_large_energy_h4_n9_g1_t32.515747_M0_O2_c95_s1790679641
Hard energy significant ! dE_SD: -1.08543 dE_SD/Etot_SD: 0.0003337
Thread: 1 Dump file: data.hard_large_energy_h4_n9_g1_t32.515869_M0_O1_c96_s1790679641
Hard energy significant ! dE_SD: -0.325966 dE_SD/Etot_SD: 0.00010025
Thread: 1 Dump file: data.hard_large_energy_h4_n9_g1_t32.515991_M0_O1_c97_s1790679641
Hard energy significant ! dE_SD: 0.768301 dE_SD/Etot_SD: -0.000236512
Thread: 0 Dump file: data.hard_large_energy_h4_n9_g1_t32.516235_M0_O0_c98_s1790679641
Hard energy significant ! dE_SD: 0.569731 dE_SD/Etot_SD: -0.000186731
Thread: 3 Dump file: data.hard_large_energy_h4_n9_g1_t32.527710_M0_O3_c99_s1790679641
Hard energy significant ! dE_SD: -0.918901 dE_SD/Etot_SD: 0.000301842
Thread: 0 Dump file: data.hard_large_energy_h4_n9_g1_t32.528320_M0_O0_c100_s1790679641
Hard energy significant ! dE_SD: -4.5127 dE_SD/Etot_SD: 0.00148116
Thread: 1 Dump file: data.hard_large_energy_h4_n9_g1_t32.528442_M0_O1_c101_s1790679641
Hard energy significant ! dE_SD: 0.747391 dE_SD/Etot_SD: -0.000245413
Thread: 0 Dump file: data.hard_large_energy_h4_n9_g1_t32.528564_M0_O0_c102_s1790679641
Hard energy significant ! dE_SD: 0.31239 dE_SD/Etot_SD: -0.000102624
Thread: 3 Dump file: data.hard_large_energy_h4_n9_g1_t32.528687_M0_O3_c103_s1790679641
Hard energy significant ! dE_SD: -0.334918 dE_SD/Etot_SD: 0.000110041
Thread: 1 Dump file: data.hard_large_energy_h4_n9_g1_t32.528809_M0_O1_c104_s1790679641
Warning: step count is signficiant large
  T: 5.85936e-05  dT_err/T: 0.32002  ds: 5.90424e-09  ds_init: 0.00272736  |Int_err/E|: 5.85866e-09  |Int_err_cum/E|: 0.0383255  |dE/E|: 4.4054e-15  dE_cum: -152.785  Etot_sd: -1393.54  T_end_flag: 0  Step_count: 1000000  Fix:  none
  Binary[0]:   i1=2  i2=1  m1=10  m2=10  semi= 7.03808e-05  ecc= 0.350058  period= 1.23684e-05  stab= 0  SD= 2.03823  SD_org= 2.03823  Tscale= 0.000346969  pert_in= 1.16568e+14  pert_out= 5.71909e+09
  Binary[1]:   i1=0  i2=-1  m1=10  m2=20  semi= -0.0207981  ecc= 1.06508  period= 0.0513005  stab= 1.79769e+308  SD= 1  SD_org= 1  Tscale= 0.000488281  pert_in= -2.52434e+06  pert_out= 1.29683e+07
Thread: 0 Dump file: data.dump_large_step_ar_n3_t32.559204_M0_O0_c105_s1790679644
Large H4-AR step cluster found (dump): step: 2510837
Warning: step count is signficiant large
  T: 6.28119e-05  dT_err/T: 0.767121  ds: 5.20205e-09  ds_init: 0.00272737  |Int_err/E|: 7.54213e-09  |Int_err_cum/E|: 0.0841939  |dE/E|: 8.42893e-16  dE_cum: -242.846  Etot_sd: -1348.77  T_end_flag: 0  Step_count: 1000000  Fix:  none
  Binary[0]:   i1=1  i2=2  m1=10  m2=10  semi= 7.03812e-05  ecc= 0.350069  period= 1.23685e-05  stab= 0  SD= 1.98101  SD_org= 1.98101  Tscale= 0.000342179  pert_in= 1.16563e+14  pert_out= 5.88404e+09
  Binary[1]:   i1=0  i2=-1  m1=10  m2=20  semi= -0.0208001  ecc= 1.06507  period= 0.0513079  stab= 1.79769e+308  SD= 1  SD_org= 1  Tscale= 0.000488281  pert_in= -2.52362e+06  pert_out= 1.29678e+07
Warning: step count is signficiant large
  T: 7.1254e-05  dT_err/T: 0.660593  ds: 3.27703e-09  ds_init: 0.00272732  |Int_err/E|: 5.64049e-09  |Int_err_cum/E|: 0.140676  |dE/E|: 1.05134e-15  dE_cum: -389.983  Etot_sd: -1297.62  T_end_flag: 0  Step_count: 1000000  Fix:  none
  Binary[0]:   i1=2  i2=1  m1=10  m2=10  semi= 7.03791e-05  ecc= 0.350098  period= 1.23679e-05  stab= 0  SD= 1.86976  SD_org= 1.86976  Tscale= 0.000332639  pert_in= 1.16566e+14  pert_out= 6.23429e+09
  Binary[1]:   i1=0  i2=-1  m1=10  m2=20  semi= -0.0208033  ecc= 1.06506  period= 0.0513198  stab= 1.79769e+308  SD= 1  SD_org= 1  Tscale= 0.000488281  pert_in= -2.52249e+06  pert_out= 1.29667e+07
Warning: step count is signficiant large
  T: 7.69476e-05  dT_err/T: 0.914329  ds: 2.60102e-09  ds_init: 0.00272737  |Int_err/E|: 8.03474e-09  |Int_err_cum/E|: 0.116266  |dE/E|: 1.47444e-15  dE_cum: -523.194  Etot_sd: -1233.68  T_end_flag: 0  Step_count: 1000000  Fix:  none
  Binary[0]:   i1=2  i2=1  m1=10  m2=10  semi= 7.03812e-05  ecc= 0.350068  period= 1.23685e-05  stab= 0  SD= 1.79694  SD_org= 1.79694  Tscale= 0.000326241  pert_in= 1.16564e+14  pert_out= 6.48679e+09
  Binary[1]:   i1=0  i2=-1  m1=10  m2=20  semi= -0.0208058  ecc= 1.06506  period= 0.051329  stab= 1.79769e+308  SD= 1  SD_org= 1  Tscale= 0.000488281  pert_in= -2.52162e+06  pert_out= 1.2966e+07
Warning: step count is signficiant large
  T: 8.43695e-05  dT_err/T: 0.941521  ds: 1.30051e-09  ds_init: 0.00272737  |Int_err/E|: 7.07372e-09  |Int_err_cum/E|: 0.231572  |dE/E|: 5.25208e-15  dE_cum: -770.721  Etot_sd: -1082.3  T_end_flag: 0  Step_count: 1000000  Fix:  none
  Binary[0]:   i1=1  i2=2  m1=10  m2=10  semi= 7.03812e-05  ecc= 0.350075  period= 1.23685e-05  stab= 0  SD= 1.70478  SD_org= 1.70478  Tscale= 0.000317947  pert_in= 1.16562e+14  pert_out= 6.83736e+09
  Binary[1]:   i1=0  i2=-1  m1=10  m2=20  semi= -0.0208078  ecc= 1.06505  period= 0.0513364  stab= 1.79769e+308  SD= 1  SD_org= 1  Tscale= 0.000488281  pert_in= -2.52091e+06  pert_out= 1.29651e+07
Warning: step count is signficiant large
  T: 9.23667e-05  dT_err/T: 0.893312  ds: 1.45975e-09  ds_init: 0.00272733  |Int_err/E|: 5.8429e-09  |Int_err_cum/E|: 0.327559  |dE/E|: 1.67238e-15  dE_cum: -944.956  Etot_sd: -1019.68  T_end_flag: 0  Step_count: 1000000  Fix:  none
  Binary[0]:   i1=2  i2=1  m1=10  m2=10  semi= 7.03793e-05  ecc= 0.350102  period= 1.2368e-05  stab= 0  SD= 1.60898  SD_org= 1.60898  Tscale= 0.00030907  pert_in= 1.16564e+14  pert_out= 7.24459e+09
  Binary[1]:   i1=0  i2=-1  m1=10  m2=20  semi= -0.0208114  ecc= 1.06504  period= 0.0513495  stab= 1.79769e+308  SD= 1  SD_org= 1  Tscale= 0.000488281  pert_in= -2.51967e+06  pert_out= 1.2964e+07
Warning: step count is signficiant large
  T: 0.000100158  dT_err/T: 0.872126  ds: 2.70973e-09  ds_init: 0.00272734  |Int_err/E|: 6.8224e-09  |Int_err_cum/E|: 0.201443  |dE/E|: 1.09302e-14  dE_cum: -1208.46  Etot_sd: -873.695  T_end_flag: 0  Step_count: 1000000  Fix:  none
  Binary[0]:   i1=2  i2=1  m1=10  m2=10  semi= 7.03801e-05  ecc= 0.350062  period= 1.23682e-05  stab= 0  SD= 1.51911  SD_org= 1.51911  Tscale= 0.000300486  pert_in= 1.16571e+14  pert_out= 7.67362e+09
  Binary[1]:   i1=0  i2=-1  m1=10  m2=20  semi= -0.0208134  ecc= 1.06503  period= 0.0513571  stab= 1.79769e+308  SD= 1  SD_org= 1  Tscale= 0.000488281  pert_in= -2.51895e+06  pert_out= 1.2963e+07
Warning: step count is signficiant large
  T: 0.000107272  dT_err/T: 0.939639  ds: 1.30049e-09  ds_init: 0.00272733  |Int_err/E|: 5.37702e-09  |Int_err_cum/E|: 0.50156  |dE/E|: 3.60966e-15  dE_cum: -1442.2  Etot_sd: -755.885  T_end_flag: 0  Step_count: 1000000  Fix:  none
  Binary[0]:   i1=1  i2=2  m1=10  m2=10  semi= 7.03796e-05  ecc= 0.350103  period= 1.2368e-05  stab= 0  SD= 1.43977  SD_org= 1.43977  Tscale= 0.000292704  pert_in= 1.16563e+14  pert_out= 8.09593e+09
  Binary[1]:   i1=0  i2=-1  m1=10  m2=20  semi= -0.0208155  ecc= 1.06503  period= 0.0513648  stab= 1.79769e+308  SD= 1  SD_org= 1  Tscale= 0.000488281  pert_in= -2.51822e+06  pert_out= 1.2962e+07
Warning: step count is signficiant large
  T: 0.000114633  dT_err/T: 0.974775  ds: 6.50256e-10  ds_init: 0.00272737  |Int_err/E|: 7.39514e-09  |Int_err_cum/E|: 0.359494  |dE/E|: 8.80224e-15  dE_cum: -1655.56  Etot_sd: -671.615  T_end_flag: 0  Step_count: 1000000  Fix:  none
  Binary[0]:   i1=2  i2=1  m1=10  m2=10  semi= 7.03813e-05  ecc= 0.35008  period= 1.23685e-05  stab= 0  SD= 1.36064  SD_org= 1.36064  Tscale= 0.000284714  pert_in= 1.1656e+14  pert_out= 8.56653e+09
  Binary[1]:   i1=0  i2=-1  m1=10  m2=20  semi= -0.0208188  ecc= 1.06502  period= 0.051377  stab= 1.79769e+308  SD= 1  SD_org= 1  Tscale= 0.000488281  pert_in= -2.51705e+06  pert_out= 1.2961e+07
Large AR step cluster found: total step: 190736196
Hard energy significant ! dE_SD: -1998.5 dE_SD/Etot_SD: 0.756058
Warning: step count is signficiant large
  T: 7.02146e-06  dT_err/T: 0.159366  ds: 5.20199e-09  ds_init: 0.00272734  |Int_err/E|: 5.05055e-09  |Int_err_cum/E|: 0.0449305  |dE/E|: 3.23824e-15  dE_cum: -223.993  Etot_sd: -2387.32  T_end_flag: 0  Step_count: 1000000  Fix:  none
  Binary[0]:   i1=2  i2=1  m1=10  m2=10  semi= 7.03791e-05  ecc= 0.350115  period= 1.23679e-05  stab= 0  SD= 1.2138  SD_org= 1.2138  Tscale= 0.000269201  pert_in= 1.16562e+14  pert_out= 9.60309e+09
  Binary[1]:   i1=0  i2=-1  m1=10  m2=20  semi= -0.0207981  ecc= 1.06508  period= 0.0513005  stab= 1.79769e+308  SD= 1  SD_org= 1  Tscale= 0.000488281  pert_in= -2.52435e+06  pert_out= 1.27694e+07
Thread: 2 Dump file: data.dump_large_step_ar_n3_t32.559326_M0_O2_c106_s1790680031
Large H4-AR step cluster found (dump): step: 1734375
Warning: step count is signficiant large
  T: 8.57261e-06  dT_err/T: 0.876371  ds: 5.20209e-09  ds_init: 0.00272739  |Int_err/E|: 6.62583e-09  |Int_err_cum/E|: 0.0464982  |dE/E|: 1.93232e-16  dE_cum: -291.197  Etot_sd: -2353.37  T_end_flag: 0  Step_count: 1000000  Fix:  none
  Binary[0]:   i1=2  i2=1  m1=10  m2=10  semi= 7.03813e-05  ecc= 0.350088  period= 1.23685e-05  stab= 0  SD= 1.19866  SD_org= 1.19866  Tscale= 0.000267553  pert_in= 1.16558e+14  pert_out= 9.72407e+09
  Binary[1]:   i1=0  i2=-1  m1=10  m2=20  semi= -0.0207995  ecc= 1.06507  period= 0.0513055  stab= 1.79769e+308  SD= 1  SD_org= 1  Tscale= 0.000488281  pert_in= -2.52387e+06  pert_out= 1.27692e+07
Warning: step count is signficiant large
  T: 1.58963e-05  dT_err/T: 0.91644  ds: 2.91955e-09  ds_init: 0.00272737  |Int_err/E|: 5.26183e-09  |Int_err_cum/E|: 0.153318  |dE/E|: 4.26037e-16  dE_cum: -674.115  Etot_sd: -2134.78  T_end_flag: 0  Step_count: 1000000  Fix:  none
  Binary[0]:   i1=1  i2=2  m1=10  m2=10  semi= 7.03803e-05  ecc= 0.350103  period= 1.23682e-05  stab= 0  SD= 1.12907  SD_org= 1.12907  Tscale= 0.000259819  pert_in= 1.16559e+14  pert_out= 1.03235e+10
  Binary[1]:   i1=0  i2=-1  m1=10  m2=20  semi= -0.0208008  ecc= 1.06507  period= 0.0513104  stab= 1.79769e+308  SD= 1  SD_org= 1  Tscale= 0.000488281  pert_in= -2.52341e+06  pert_out= 1.27682e+07
Warning: step count is signficiant large
  T: 2.32633e-05  dT_err/T: 0.950835  ds: 2.60104e-09  ds_init: 0.00272739  |Int_err/E|: 8.51584e-09  |Int_err_cum/E|: 0.126339  |dE/E|: 8.85341e-15  dE_cum: -984.778  Etot_sd: -2003.2  T_end_flag: 0  Step_count: 1000000  Fix:  none
  Binary[0]:   i1=2  i2=1  m1=10  m2=10  semi= 7.03811e-05  ecc= 0.350083  period= 1.23684e-05  stab= 0  SD= 1.06189  SD_org= 1.06189  Tscale= 0.000252116  pert_in= 1.1656e+14  pert_out= 1.09767e+10
  Binary[1]:   i1=0  i2=-1  m1=10  m2=20  semi= -0.0208041  ecc= 1.06506  period= 0.0513225  stab= 1.79769e+308  SD= 1  SD_org= 1  Tscale= 0.000488281  pert_in= -2.52225e+06  pert_out= 1.27673e+07
Warning: step count is signficiant large
  T: 3.17913e-05  dT_err/T: 0.833049  ds: 1.96255e-09  ds_init: 0.00272734  |Int_err/E|: 5.13e-09  |Int_err_cum/E|: 0.312064  |dE/E|: 4.84053e-15  dE_cum: -1389.26  Etot_sd: -1784.97  T_end_flag: 0  Step_count: 1000000  Fix:  none
  Binary[0]:   i1=1  i2=2  m1=10  m2=10  semi= 7.0379e-05  ecc= 0.350124  period= 1.23679e-05  stab= 0  SD= 1  SD_org= 0.987584  Tscale= 0.0002433  pert_in= 1.1656e+14  pert_out= 1.18025e+10
  Binary[1]:   i1=0  i2=-1  m1=10  m2=20  semi= -0.0208065  ecc= 1.06505  period= 0.0513316  stab= 1.79769e+308  SD= 1  SD_org= 1  Tscale= 0.000488281  pert_in= -2.52139e+06  pert_out= 1.27661e+07
Warning: step count is signficiant large
  T: 3.83494e-05  dT_err/T: 0.946942  ds: 1.30052e-09  ds_init: 0.00272739  |Int_err/E|: 7.0723e-09  |Int_err_cum/E|: 0.186311  |dE/E|: 1.37573e-14  dE_cum: -1389.26  Etot_sd: -1784.97  T_end_flag: 0  Step_count: 1000000  Fix:  none
  Binary[0]:   i1=1  i2=2  m1=10  m2=10  semi= 7.0381e-05  ecc= 0.350082  period= 1.23684e-05  stab= 0  SD= 1  SD_org= 0.932965  Tscale= 0.000236598  pert_in= 1.16561e+14  pert_out= 1.24936e+10
  Binary[1]:   i1=0  i2=-1  m1=10  m2=20  semi= -0.020809  ecc= 1.06504  period= 0.0513408  stab= 1.79769e+308  SD= 1  SD_org= 1  Tscale= 0.000488281  pert_in= -2.52052e+06  pert_out= 1.27653e+07
Warning: step count is signficiant large
  T: 4.26037e-05  dT_err/T: 0.831687  ds: 4.12883e-09  ds_init: 0.00272735  |Int_err/E|: 5.13049e-09  |Int_err_cum/E|: 0.316718  |dE/E|: 2.8024e-15  dE_cum: -1389.26  Etot_sd: -1784.97  T_end_flag: 0  Step_count: 1000000  Fix:  none
  Binary[0]:   i1=1  i2=2  m1=10  m2=10  semi= 7.03793e-05  ecc= 0.350124  period= 1.2368e-05  stab= 0  SD= 1  SD_org= 0.898662  Tscale= 0.000232289  pert_in= 1.16559e+14  pert_out= 1.29703e+10
  Binary[1]:   i1=0  i2=-1  m1=10  m2=20  semi= -0.0208097  ecc= 1.06504  period= 0.0513434  stab= 1.79769e+308  SD= 1  SD_org= 1  Tscale= 0.000488281  pert_in= -2.52026e+06  pert_out= 1.27647e+07
Warning: step count is signficiant large
  T: 4.60628e-05  dT_err/T: 0.962453  ds: 1.30052e-09  ds_init: 0.00272738  |Int_err/E|: 7.84523e-09  |Int_err_cum/E|: 0.263293  |dE/E|: 7.64291e-16  dE_cum: -1389.26  Etot_sd: -1784.98  T_end_flag: 0  Step_count: 1000000  Fix:  none
  Binary[0]:   i1=2  i2=1  m1=10  m2=10  semi= 7.03807e-05  ecc= 0.350107  period= 1.23683e-05  stab= 0  SD= 1  SD_org= 0.871431  Tscale= 0.000228808  pert_in= 1.16556e+14  pert_out= 1.33753e+10
  Binary[1]:   i1=0  i2=-1  m1=10  m2=20  semi= -0.0208124  ecc= 1.06503  period= 0.0513535  stab= 1.79769e+308  SD= 1  SD_org= 1  Tscale= 0.000488281  pert_in= -2.51931e+06  pert_out= 1.27642e+07
Warning: step count is signficiant large
  T: 5.3716e-05  dT_err/T: 0.959331  ds: 1.30051e-09  ds_init: 0.00272737  |Int_err/E|: 5.32143e-09  |Int_err_cum/E|: 0.297859  |dE/E|: 2.29287e-15  dE_cum: -1389.26  Etot_sd: -1784.98  T_end_flag: 0  Step_count: 1000000  Fix:  none
  Binary[0]:   i1=1  i2=2  m1=10  m2=10  semi= 7.03801e-05  ecc= 0.350117  period= 1.23682e-05  stab= 0  SD= 1  SD_org= 0.813324  Tscale= 0.000221182  pert_in= 1.16556e+14  pert_out= 1.43309e+10
  Binary[1]:   i1=0  i2=-1  m1=10  m2=20  semi= -0.020813  ecc= 1.06503  period= 0.0513556  stab= 1.79769e+308  SD= 1  SD_org= 1  Tscale= 0.000488281  pert_in= -2.51911e+06  pert_out= 1.27632e+07
Warning: step count is signficiant large
  T: 6.13553e-05  dT_err/T: 0.958035  ds: 3.67841e-09  ds_init: 0.00272737  |Int_err/E|: 5.3856e-09  |Int_err_cum/E|: 0.148424  |dE/E|: 7.64289e-16  dE_cum: -1389.26  Etot_sd: -1784.98  T_end_flag: 0  Step_count: 1000000  Fix:  none
  Binary[0]:   i1=2  i2=1  m1=10  m2=10  semi= 7.03803e-05  ecc= 0.350074  period= 1.23682e-05  stab= 0  SD= 1  SD_org= 0.758228  Tscale= 0.000213679  pert_in= 1.16567e+14  pert_out= 1.53735e+10
  Binary[1]:   i1=0  i2=-1  m1=10  m2=20  semi= -0.0208163  ecc= 1.06502  period= 0.0513678  stab= 1.79769e+308  SD= 1  SD_org= 1  Tscale= 0.000488281  pert_in= -2.51795e+06  pert_out= 1.27621e+07
Warning: step count is signficiant large
  T: 6.92357e-05  dT_err/T: 0.925133  ds: 2.60099e-09  ds_init: 0.00272733  |Int_err/E|: 8.60838e-09  |Int_err_cum/E|: 0.303909  |dE/E|: 1.01905e-15  dE_cum: -1389.26  Etot_sd: -1784.99  T_end_flag: 0  Step_count: 1000000  Fix:  none
  Binary[0]:   i1=2  i2=1  m1=10  m2=10  semi= 7.03787e-05  ecc= 0.350139  period= 1.23678e-05  stab= 0  SD= 1  SD_org= 0.704196  Tscale= 0.000206062  pert_in= 1.16558e+14  pert_out= 1.65519e+10
  Binary[1]:   i1=0  i2=-1  m1=10  m2=20  semi= -0.0208198  ecc= 1.06501  period= 0.0513809  stab= 1.79769e+308  SD= 1  SD_org= 1  Tscale= 0.000488281  pert_in= -2.51671e+06  pert_out= 1.2761e+07
Warning: step count is signficiant large
  T: 7.65424e-05  dT_err/T: 0.934878  ds: 1.30053e-09  ds_init: 0.00272741  |Int_err/E|: 8.22481e-09  |Int_err_cum/E|: 0.233598  |dE/E|: 0  dE_cum: -1389.26  Etot_sd: -1784.99  T_end_flag: 0  Step_count: 1000000  Fix:  none
  Binary[0]:   i1=1  i2=2  m1=10  m2=10  semi= 7.0382e-05  ecc= 0.350093  period= 1.23687e-05  stab= 0  SD= 1  SD_org= 0.65674  Tscale= 0.000199116  pert_in= 1.16553e+14  pert_out= 1.77473e+10
  Binary[1]:   i1=0  i2=-1  m1=10  m2=20  semi= -0.0208208  ecc= 1.065  period= 0.0513843  stab= 1.79769e+308  SD= 1  SD_org= 1  Tscale= 0.000488281  pert_in= -2.51639e+06  pert_out= 1.27599e+07
Warning: step count is signficiant large
  T: 8.1292e-05  dT_err/T: 0.689778  ds: 3.6924e-09  ds_init: 0.00272732  |Int_err/E|: 9.56443e-09  |Int_err_cum/E|: 0.307683  |dE/E|: 2.03809e-15  dE_cum: -1389.26  Etot_sd: -1784.99  T_end_flag: 0  Step_count: 1000000  Fix:  none
  Binary[0]:   i1=1  i2=2  m1=10  m2=10  semi= 7.03781e-05  ecc= 0.350148  period= 1.23677e-05  stab= 0  SD= 1  SD_org= 0.627263  Tscale= 0.000194665  pert_in= 1.16558e+14  pert_out= 1.8582e+10
  Binary[1]:   i1=0  i2=-1  m1=10  m2=20  semi= -0.020823  ecc= 1.065  period= 0.0513926  stab= 1.79769e+308  SD= 1  SD_org= 1  Tscale= 0.000488281  pert_in= -2.51559e+06  pert_out= 1.27592e+07
Warning: step count is signficiant large
  T: 8.41696e-05  dT_err/T: 0.967722  ds: 1.30053e-09  ds_init: 0.00272741  |Int_err/E|: 8.15619e-09  |Int_err_cum/E|: 0.220702  |dE/E|: 6.24166e-15  dE_cum: -1389.26  Etot_sd: -1784.99  T_end_flag: 0  Step_count: 1000000  Fix:  none
  Binary[0]:   i1=2  i2=1  m1=10  m2=10  semi= 7.03821e-05  ecc= 0.350094  period= 1.23687e-05  stab= 0  SD= 1  SD_org= 0.609863  Tscale= 0.000191994  pert_in= 1.16553e+14  pert_out= 1.91113e+10
  Binary[1]:   i1=0  i2=-1  m1=10  m2=20  semi= -0.0208249  ecc= 1.06499  period= 0.0513994  stab= 1.79769e+308  SD= 1  SD_org= 1  Tscale= 0.000488281  pert_in= -2.51495e+06  pert_out= 1.27588e+07
Warning: step count is signficiant large
  T: 9.23938e-05  dT_err/T: 0.944882  ds: 1.31082e-08  ds_init: 0.00272733  |Int_err/E|: 5.58478e-09  |Int_err_cum/E|: 0.313694  |dE/E|: 3.56665e-15  dE_cum: -1389.26  Etot_sd: -1785  T_end_flag: 0  Step_count: 1000000  Fix:  none
  Binary[0]:   i1=1  i2=2  m1=10  m2=10  semi= 7.03784e-05  ecc= 0.350146  period= 1.23677e-05  stab= 0  SD= 1  SD_org= 0.562306  Tscale= 0.000184471  pert_in= 1.16558e+14  pert_out= 2.07285e+10
  Binary[1]:   i1=0  i2=-1  m1=10  m2=20  semi= -0.0208262  ecc= 1.06499  period= 0.0514042  stab= 1.79769e+308  SD= 1  SD_org= 1  Tscale= 0.000488281  pert_in= -2.5145e+06  pert_out= 1.27576e+07
Warning: step count is signficiant large
  T: 0.000107116  dT_err/T: 0.960144  ds: 1.30051e-09  ds_init: 0.00272736  |Int_err/E|: 6.1063e-09  |Int_err_cum/E|: 0.283586  |dE/E|: 8.40708e-15  dE_cum: -1389.26  Etot_sd: -1785  T_end_flag: 0  Step_count: 1000000  Fix:  none
  Binary[0]:   i1=2  i2=1  m1=10  m2=10  semi= 7.03796e-05  ecc= 0.350128  period= 1.2368e-05  stab= 0  SD= 1  SD_org= 0.484599  Tscale= 0.000171449  pert_in= 1.16556e+14  pert_out= 2.40521e+10
  Binary[1]:   i1=0  i2=-1  m1=10  m2=20  semi= -0.0208347  ecc= 1.06496  period= 0.0514358  stab= 1.79769e+308  SD= 1  SD_org= 1  Tscale= 0.000488281  pert_in= -2.51151e+06  pert_out= 1.27553e+07
Warning: step count is signficiant large
  T: 0.000114726  dT_err/T: 0.925383  ds: 1.30053e-09  ds_init: 0.0027274  |Int_err/E|: 6.86224e-09  |Int_err_cum/E|: 0.270917  |dE/E|: 2.16546e-15  dE_cum: -1389.26  Etot_sd: -1785.01  T_end_flag: 0  Step_count: 1000000  Fix:  none
  Binary[0]:   i1=1  i2=2  m1=10  m2=10  semi= 7.03813e-05  ecc= 0.350104  period= 1.23685e-05  stab= 0  SD= 1  SD_org= 0.448081  Tscale= 0.000164959  pert_in= 1.16554e+14  pert_out= 2.60117e+10
  Binary[1]:   i1=0  i2=-1  m1=10  m2=20  semi= -0.0208343  ecc= 1.06496  period= 0.0514345  stab= 1.79769e+308  SD= 1  SD_org= 1  Tscale= 0.000488281  pert_in= -2.51163e+06  pert_out= 1.27542e+07
Warning: step count is signficiant large
  T: 0.000118817  dT_err/T: 0.852928  ds: 2.60097e-09  ds_init: 0.00272732  |Int_err/E|: 8.8403e-09  |Int_err_cum/E|: 0.297332  |dE/E|: 8.91658e-16  dE_cum: -1389.26  Etot_sd: -1785.01  T_end_flag: 0  Step_count: 1000000  Fix:  none
  Binary[0]:   i1=2  i2=1  m1=10  m2=10  semi= 7.03779e-05  ecc= 0.350146  period= 1.23676e-05  stab= 0  SD= 1  SD_org= 0.429481  Tscale= 0.000161545  pert_in= 1.1656e+14  pert_out= 2.71397e+10
  Binary[1]:   i1=0  i2=-1  m1=10  m2=20  semi= -0.0208396  ecc= 1.06494  period= 0.0514541  stab= 1.79769e+308  SD= 1  SD_org= 1  Tscale= 0.000488281  pert_in= -2.50978e+06  pert_out= 1.27535e+07
Large AR step cluster found: total step: 416366549
Hard energy significant ! dE_SD: -1389.26 dE_SD/Etot_SD: 0.321473
Warning: step count is signficiant large
  T: 5.27866e-06  dT_err/T: 0.61623  ds: 1.04044e-08  ds_init: 0.00272746  |Int_err/E|: 7.25895e-09  |Int_err_cum/E|: 0.0294983  |dE/E|: 4.14981e-16  dE_cum: 253.622  Etot_sd: -3287.48  T_end_flag: 0  Step_count: 1000000  Fix:  none
  Binary[0]:   i1=2  i2=1  m1=10  m2=10  semi= 7.03812e-05  ecc= 0.350004  period= 1.23685e-05  stab= 0  SD= 1.04594  SD_org= 1.04594  Tscale= 0.000250229  pert_in= 1.1658e+14  pert_out= 1.11459e+10
  Binary[1]:   i1=0  i2=-1  m1=10  m2=20  semi= -0.0208134  ecc= 1.06501  period= 0.0513571  stab= 1.79769e+308  SD= 1  SD_org= 1  Tscale= 0.000488281  pert_in= -2.51902e+06  pert_out= 1.22964e+07
Thread: 0 Dump file: data.dump_large_step_ar_n3_t32.559814_M0_O0_c107_s1790680947
Large H4-AR step cluster found (dump): step: 3478067
Warning: step count is signficiant large
  T: 8.3748e-06  dT_err/T: 0.902298  ds: 5.2022e-09  ds_init: 0.00272745  |Int_err/E|: 8.88386e-09  |Int_err_cum/E|: 0.0658412  |dE/E|: 2.65315e-15  dE_cum: 472.845  Etot_sd: -3427.98  T_end_flag: 0  Step_count: 1000000  Fix:  none
  Binary[0]:   i1=1  i2=2  m1=10  m2=10  semi= 7.03808e-05  ecc= 0.349994  period= 1.23684e-05  stab= 0  SD= 1.0736  SD_org= 1.0736  Tscale= 0.00025345  pert_in= 1.16585e+14  pert_out= 1.08592e+10
  Binary[1]:   i1=0  i2=-1  m1=10  m2=20  semi= -0.0208141  ecc= 1.06501  period= 0.0513595  stab= 1.79769e+308  SD= 1  SD_org= 1  Tscale= 0.000488281  pert_in= -2.5188e+06  pert_out= 1.22959e+07
Warning: step count is signficiant large
  T: 1.59548e-05  dT_err/T: 0.908774  ds: 2.60108e-09  ds_init: 0.00272743  |Int_err/E|: 5.8696e-09  |Int_err_cum/E|: 0.142637  |dE/E|: 1.02653e-15  dE_cum: 770.203  Etot_sd: -3543.94  T_end_flag: 0  Step_count: 1000000  Fix:  none
  Binary[0]:   i1=2  i2=1  m1=10  m2=10  semi= 7.03798e-05  ecc= 0.350028  period= 1.23681e-05  stab= 0  SD= 1.14327  SD_org= 1.14327  Tscale= 0.000261392  pert_in= 1.16581e+14  pert_out= 1.01971e+10
  Binary[1]:   i1=0  i2=-1  m1=10  m2=20  semi= -0.020814  ecc= 1.06501  period= 0.0513592  stab= 1.79769e+308  SD= 1  SD_org= 1  Tscale= 0.000488281  pert_in= -2.51882e+06  pert_out= 1.22946e+07
Warning: step count is signficiant large
  T: 2.31877e-05  dT_err/T: 0.96074  ds: 1.30055e-09  ds_init: 0.00272746  |Int_err/E|: 5.46218e-09  |Int_err_cum/E|: 0.189912  |dE/E|: 1.68906e-15  dE_cum: 1155.2  Etot_sd: -3769.23  T_end_flag: 0  Step_count: 1000000  Fix:  none
  Binary[0]:   i1=1  i2=2  m1=10  m2=10  semi= 7.03814e-05  ecc= 0.350009  period= 1.23685e-05  stab= 0  SD= 1.21255  SD_org= 1.21255  Tscale= 0.000269047  pert_in= 1.16578e+14  pert_out= 9.61427e+09
  Binary[1]:   i1=0  i2=-1  m1=10  m2=20  semi= -0.0208153  ecc= 1.06501  period= 0.0513641  stab= 1.79769e+308  SD= 1  SD_org= 1  Tscale= 0.000488281  pert_in= -2.51836e+06  pert_out= 1.22934e+07
Warning: step count is signficiant large
  T: 3.10067e-05  dT_err/T: 0.935893  ds: 1.30054e-09  ds_init: 0.00272743  |Int_err/E|: 5.27152e-09  |Int_err_cum/E|: 0.273159  |dE/E|: 1.0592e-15  dE_cum: 1409.3  Etot_sd: -3863.97  T_end_flag: 0  Step_count: 1000000  Fix:  none
  Binary[0]:   i1=2  i2=1  m1=10  m2=10  semi= 7.03801e-05  ecc= 0.350033  period= 1.23682e-05  stab= 0  SD= 1.29058  SD_org= 1.29058  Tscale= 0.000277399  pert_in= 1.16578e+14  pert_out= 9.03302e+09
  Binary[1]:   i1=0  i2=-1  m1=10  m2=20  semi= -0.020815  ecc= 1.06501  period= 0.051363  stab= 1.79769e+308  SD= 1  SD_org= 1  Tscale= 0.000488281  pert_in= -2.51846e+06  pert_out= 1.22921e+07
Warning: step count is signficiant large
  T: 3.84536e-05  dT_err/T: 0.959804  ds: 1.30055e-09  ds_init: 0.00272745  |Int_err/E|: 8.33513e-09  |Int_err_cum/E|: 0.28149  |dE/E|: 3.35504e-16  dE_cum: 1751.56  Etot_sd: -4066.24  T_end_flag: 0  Step_count: 1000000  Fix:  none
  Binary[0]:   i1=1  i2=2  m1=10  m2=10  semi= 7.03813e-05  ecc= 0.350012  period= 1.23685e-05  stab= 0  SD= 1.36792  SD_org= 1.36792  Tscale= 0.000285425  pert_in= 1.16578e+14  pert_out= 8.52228e+09
  Binary[1]:   i1=0  i2=-1  m1=10  m2=20  semi= -0.0208163  ecc= 1.065  period= 0.0513677  stab= 1.79769e+308  SD= 1  SD_org= 1  Tscale= 0.000488281  pert_in= -2.51802e+06  pert_out= 1.22908e+07
Warning: step count is signficiant large
  T: 4.6591e-05  dT_err/T: 0.893222  ds: 2.60106e-09  ds_init: 0.0027274  |Int_err/E|: 9.1456e-09  |Int_err_cum/E|: 0.427987  |dE/E|: 1.09425e-16  dE_cum: 1982.21  Etot_sd: -4155.78  T_end_flag: 0  Step_count: 1000000  Fix:  none
  Binary[0]:   i1=2  i2=1  m1=10  m2=10  semi= 7.03792e-05  ecc= 0.35005  period= 1.23679e-05  stab= 0  SD= 1.45585  SD_org= 1.45585  Tscale= 0.000294271  pert_in= 1.16578e+14  pert_out= 8.00755e+09
  Binary[1]:   i1=0  i2=-1  m1=10  m2=20  semi= -0.0208165  ecc= 1.065  period= 0.0513685  stab= 1.79769e+308  SD= 1  SD_org= 1  Tscale= 0.000488281  pert_in= -2.51793e+06  pert_out= 1.22894e+07
Warning: step count is signficiant large
  T: 5.41755e-05  dT_err/T: 0.89911  ds: 1.86112e-09  ds_init: 0.00272742  |Int_err/E|: 5.98874e-09  |Int_err_cum/E|: 0.297934  |dE/E|: 2.11194e-16  dE_cum: 2254.38  Etot_sd: -4306.45  T_end_flag: 0  Step_count: 1000000  Fix:  none
  Binary[0]:   i1=2  i2=1  m1=10  m2=10  semi= 7.038e-05  ecc= 0.350006  period= 1.23681e-05  stab= 0  SD= 1.54116  SD_org= 1.54116  Tscale= 0.000302583  pert_in= 1.16586e+14  pert_out= 7.56483e+09
  Binary[1]:   i1=0  i2=-1  m1=10  m2=20  semi= -0.0208174  ecc= 1.065  period= 0.0513718  stab= 1.79769e+308  SD= 1  SD_org= 1  Tscale= 0.000488281  pert_in= -2.51762e+06  pert_out= 1.22881e+07
Large AR step cluster found: total step: 144798615
Hard energy significant ! dE_SD: 2464.62 dE_SD/Etot_SD: -1.01708
Warning: step count is signficiant large
  T: 6.26155e-05  dT_err/T: 0.58572  ds: 6.05996e-09  ds_init: 0.00283053  |Int_err/E|: 9.56564e-09  |Int_err_cum/E|: 0.0607424  |dE/E|: 1.60132e-15  dE_cum: -258.171  Etot_sd: -1135.93  T_end_flag: 0  Step_count: 1000000  Fix:  none
  Binary[0]:   i1=2  i2=1  m1=10  m2=10  semi= 7.03795e-05  ecc= 0.350415  period= 1.2368e-05  stab= 0  SD= 1.93042  SD_org= 1.93042  Tscale= 0.000252945  pert_in= 1.16482e+14  pert_out= 6.03405e+09
  Binary[1]:   i1=0  i2=-1  m1=10  m2=20  semi= -0.00172067  ecc= 1.5612  period= 0.00122076  stab= 1.79769e+308  SD= 1  SD_org= 1  Tscale= 0.000488281  pert_in= -2.33671e+09  pert_out= 5.23037e+07
Thread: 1 Dump file: data.dump_large_step_ar_n3_t32.569336_M0_O1_c108_s1790681272
Large H4-AR step cluster found (dump): step: 3942298
Warning: step count is signficiant large
  T: 6.57409e-05  dT_err/T: 0.766418  ds: 2.69942e-09  ds_init: 0.00283054  |Int_err/E|: 6.80074e-09  |Int_err_cum/E|: 0.117462  |dE/E|: 4.46484e-14  dE_cum: -375.403  Etot_sd: -1074.52  T_end_flag: 0  Step_count: 1000000  Fix:  none
  Binary[0]:   i1=1  i2=2  m1=10  m2=10  semi= 7.03806e-05  ecc= 0.350416  period= 1.23683e-05  stab= 0  SD= 1.86746  SD_org= 1.86746  Tscale= 0.000249427  pert_in= 1.16476e+14  pert_out= 6.23716e+09
  Binary[1]:   i1=0  i2=-1  m1=10  m2=20  semi= -0.00172075  ecc= 1.56121  period= 0.00122085  stab= 1.79769e+308  SD= 1  SD_org= 1  Tscale= 0.000488281  pert_in= -2.33637e+09  pert_out= 5.23174e+07
Warning: step count is signficiant large
  T: 7.07433e-05  dT_err/T: 0.727536  ds: 9.61966e-09  ds_init: 0.00283055  |Int_err/E|: 5.2272e-09  |Int_err_cum/E|: 0.195228  |dE/E|: 3.89816e-14  dE_cum: -526.915  Etot_sd: -1017.83  T_end_flag: 0  Step_count: 1000000  Fix:  none
  Binary[0]:   i1=1  i2=2  m1=10  m2=10  semi= 7.03817e-05  ecc= 0.350428  period= 1.23686e-05  stab= 0  SD= 1.76944  SD_org= 1.76944  Tscale= 0.000243805  pert_in= 1.16468e+14  pert_out= 6.5822e+09
  Binary[1]:   i1=0  i2=-1  m1=10  m2=20  semi= -0.00172083  ecc= 1.56121  period= 0.00122093  stab= 1.79769e+308  SD= 1  SD_org= 1  Tscale= 0.000488281  pert_in= -2.33606e+09  pert_out= 5.23392e+07
Warning: step count is signficiant large
  T: 7.67695e-05  dT_err/T: 0.937668  ds: 1.34966e-09  ds_init: 0.00283044  |Int_err/E|: 6.47388e-09  |Int_err_cum/E|: 0.212651  |dE/E|: 1.30788e-14  dE_cum: -721.136  Etot_sd: -947.48  T_end_flag: 0  Step_count: 1000000  Fix:  none
  Binary[0]:   i1=1  i2=2  m1=10  m2=10  semi= 7.03788e-05  ecc= 0.350491  period= 1.23678e-05  stab= 0  SD= 1.65589  SD_org= 1.65589  Tscale= 0.000237045  pert_in= 1.16466e+14  pert_out= 7.03344e+09
  Binary[1]:   i1=0  i2=-1  m1=10  m2=20  semi= -0.00172099  ecc= 1.56121  period= 0.0012211  stab= 1.79769e+308  SD= 1  SD_org= 1  Tscale= 0.000488281  pert_in= -2.33538e+09  pert_out= 5.23653e+07
Warning: step count is signficiant large
  T: 8.42313e-05  dT_err/T: 0.959633  ds: 7.57467e-10  ds_init: 0.00283043  |Int_err/E|: 5.65136e-09  |Int_err_cum/E|: 0.249945  |dE/E|: 9.96553e-15  dE_cum: -1154.13  Etot_sd: -684.48  T_end_flag: 0  Step_count: 1000000  Fix:  none
  Binary[0]:   i1=1  i2=2  m1=10  m2=10  semi= 7.03795e-05  ecc= 0.350485  period= 1.2368e-05  stab= 0  SD= 1.52186  SD_org= 1.52186  Tscale= 0.000228696  pert_in= 1.16464e+14  pert_out= 7.65272e+09
  Binary[1]:   i1=0  i2=-1  m1=10  m2=20  semi= -0.00172116  ecc= 1.56121  period= 0.00122129  stab= 1.79769e+308  SD= 1  SD_org= 1  Tscale= 0.000488281  pert_in= -2.33469e+09  pert_out= 5.23975e+07
Warning: step count is signficiant large
  T: 9.22393e-05  dT_err/T: 0.910007  ds: 1.34965e-09  ds_init: 0.00283041  |Int_err/E|: 5.58696e-09  |Int_err_cum/E|: 0.505098  |dE/E|: 1.58856e-14  dE_cum: -1500.93  Etot_sd: -543.9  T_end_flag: 0  Step_count: 1000000  Fix:  none
  Binary[0]:   i1=1  i2=2  m1=10  m2=10  semi= 7.03803e-05  ecc= 0.350534  period= 1.23682e-05  stab= 0  SD= 1.3858  SD_org= 1.3858  Tscale= 0.000219765  pert_in= 1.16448e+14  pert_out= 8.40294e+09
  Binary[1]:   i1=0  i2=-1  m1=10  m2=20  semi= -0.00172131  ecc= 1.56121  period= 0.00122145  stab= 1.79769e+308  SD= 1  SD_org= 1  Tscale= 0.000488281  pert_in= -2.33408e+09  pert_out= 5.24318e+07
Warning: step count is signficiant large
  T: 9.96712e-05  dT_err/T: 0.935893  ds: 1.51491e-09  ds_init: 0.00283037  |Int_err/E|: 5.56334e-09  |Int_err_cum/E|: 0.286  |dE/E|: 3.8138e-14  dE_cum: -1969.25  Etot_sd: -292.131  T_end_flag: 0  Step_count: 1000000  Fix:  none
  Binary[0]:   i1=2  i2=1  m1=10  m2=10  semi= 7.038e-05  ecc= 0.350564  period= 1.23681e-05  stab= 0  SD= 1.26685  SD_org= 1.26685  Tscale= 0.000211509  pert_in= 1.16441e+14  pert_out= 9.19139e+09
  Binary[1]:   i1=0  i2=-1  m1=10  m2=20  semi= -0.00172149  ecc= 1.5612  period= 0.00122164  stab= 1.79769e+308  SD= 1  SD_org= 1  Tscale= 0.000488281  pert_in= -2.33338e+09  pert_out= 5.24635e+07
Warning: step count is signficiant large
  T: 0.000107387  dT_err/T: 0.924592  ds: 1.34962e-09  ds_init: 0.00283036  |Int_err/E|: 6.45705e-09  |Int_err_cum/E|: 0.794123  |dE/E|: 1.23864e-13  dE_cum: -2450.45  Etot_sd: -66.0839  T_end_flag: 0  Step_count: 1000000  Fix:  none
  Binary[0]:   i1=1  i2=2  m1=10  m2=10  semi= 7.03806e-05  ecc= 0.350602  period= 1.23683e-05  stab= 0  SD= 1.1505  SD_org= 1.1505  Tscale= 0.000202974  pert_in= 1.16428e+14  pert_out= 1.01198e+10
  Binary[1]:   i1=0  i2=-1  m1=10  m2=20  semi= -0.00172165  ecc= 1.56119  period= 0.0012218  stab= 1.79769e+308  SD= 1  SD_org= 1  Tscale= 0.000488281  pert_in= -2.33277e+09  pert_out= 5.24962e+07
Warning: step count is signficiant large
  T: 0.000114564  dT_err/T: 0.983863  ds: 6.74797e-10  ds_init: 0.0028303  |Int_err/E|: 8.23723e-09  |Int_err_cum/E|: 0.431672  |dE/E|: 5.01956e-14  dE_cum: -3039.55  Etot_sd: 253.666  T_end_flag: 0  Step_count: 1000000  Fix:  none
  Binary[0]:   i1=2  i2=1  m1=10  m2=10  semi= 7.03793e-05  ecc= 0.350633  period= 1.2368e-05  stab= 0  SD= 1.04881  SD_org= 1.04881  Tscale= 0.000195073  pert_in= 1.16427e+14  pert_out= 1.11008e+10
  Binary[1]:   i1=0  i2=-1  m1=10  m2=20  semi= -0.00172183  ecc= 1.56118  period= 0.001222  stab= 1.79769e+308  SD= 1  SD_org= 1  Tscale= 0.000488281  pert_in= -2.33206e+09  pert_out= 5.25264e+07
