
-----START----         


Using OpenMP with 16 threads


Random seed = 20644



NMAX: 10000000


-----GENERATE MASSES-----     

Setting stellar masses to 1.0 solar mass

M = 1000


-----GENERATE POSITIONS & VELOCITIES-----   

Approximate tidal radius: 100000 (pc)

Generating Plummer model with parameters: N = 1000	 Rh = 1.000	 D = 3.00
Setting cut-off radius of Plummer sphere to approximate tidal radius

Generating Orbits:
Generating orbit #0

Applying centre-of-mass correction.

Re-scaling of orbits (dt ~ N^2!)
Dynamical temperature of centre-of-mass particles kT = 1.000000


Estimating appropriate NNBMAX = 63 and RS0 = 0.398582 [pc]

measuring half-mass radius: 1.0000000 	 1.3038063 (should/is)
and correcting for this factor

rvir = 1.30499	 rh = 1.00000	 rplummer = 0.76628	 rtide = 100000.00000 (pc)

Radial density profile:

#  R [pc]   N [1/pc^3]   M [Msun/pc^3]   L [Lsun/pc^3]   N [1/pc^2]   M [Msun/pc^2]   L [Lsun/pc^2] 
   0.1000     716.1972        716.1972          0.0000     636.6198        636.6198          0.0000
   0.1324     542.0426        542.0426          0.0000     633.9540        633.9540          0.0000
   0.1753     389.1815        389.1815          0.0000     506.2509        506.2509          0.0000
   0.2321     670.6288        670.6288          0.0000     591.2824        591.2824          0.0000
   0.3074     476.6901        476.6901          0.0000     360.7982        360.7982          0.0000
   0.4070     329.8132        329.8132          0.0000     357.9122        357.9122          0.0000
   0.5388     209.1013        209.1013          0.0000     232.2244        232.2244          0.0000
   0.7135     136.2744        136.2744          0.0000     197.9636        197.9636          0.0000
   0.9447      77.1141         77.1141          0.0000     110.4277        110.4277          0.0000
   1.2508      31.9344         31.9344          0.0000      69.1448         69.1448          0.0000
   1.6562      12.1875         12.1875          0.0000      23.7722         23.7722          0.0000
   2.1929       3.4207          3.4207          0.0000      10.1698         10.1698          0.0000
   2.9035       1.0795          1.0795          0.0000       4.1309          4.1309          0.0000
   3.8444       0.3174          0.3174          0.0000       1.3536          1.3536          0.0000
   5.0903       0.0922          0.0922          0.0000       0.6005          0.6005          0.0000
   6.7398       0.0151          0.0151          0.0000       0.1305          0.1305          0.0000
   8.9240       0.0047          0.0047          0.0000       0.0372          0.0372          0.0000
  11.8160       0.0010          0.0010          0.0000       0.0212          0.0212          0.0000
  15.6452       0.0005          0.0005          0.0000       0.0091          0.0091          0.0000
  20.7152       0.0001          0.0001          0.0000       0.0017          0.0017          0.0000

Cumulative profile:

#  R [pc]         N     M [Msun]     L [Lsun]    N (2D)    M(2D) [Msun]    L(2D) [Lsun]
   0.1000         3        3.000        0.000        20         20.0000          0.0000
   0.1324         6        6.000        0.000        35         35.0000          0.0000
   0.1753        11       11.000        0.000        56         56.0000          0.0000
   0.2321        31       31.000        0.000        99         99.0000          0.0000
   0.3074        64       64.000        0.000       145        145.0000          0.0000
   0.4070       117      117.000        0.000       225        225.0000          0.0000
   0.5388       195      195.000        0.000       316        316.0000          0.0000
   0.7135       313      313.000        0.000       452        452.0000          0.0000
   0.9447       468      468.000        0.000       585        585.0000          0.0000
   1.2508       617      617.000        0.000       731        731.0000          0.0000
   1.6562       749      749.000        0.000       819        819.0000          0.0000
   2.1929       835      835.000        0.000       885        885.0000          0.0000
   2.9035       898      898.000        0.000       932        932.0000          0.0000
   3.8444       941      941.000        0.000       959        959.0000          0.0000
   5.0903       970      970.000        0.000       980        980.0000          0.0000
   6.7398       981      981.000        0.000       988        988.0000          0.0000
   8.9240       989      989.000        0.000       992        992.0000          0.0000
  11.8160       993      993.000        0.000       996        996.0000          0.0000
  15.6452       998      998.000        0.000       999        999.0000          0.0000
  20.7152      1000     1000.000        0.000      1000       1000.0000          0.0000

Half-number radius = 1.0000 pc (0.7905 pc, 2D)
Half-mass radius = 1.0000 pc (0.7905 pc, 2D)
Half-light radius = 0.0190 pc (0.0166 pc, 2D)

Estimating appropriate NNBMAX = 63 and RS0 = 0.305707 [pc]

Actual half-mass radius of the cluster = (1.0000 / 0.7905) pc (3D / 2D)


-----GENERATE BINARIES-----   

No primordial binaries!


-----SCALING-----      

Re-calculate the total mass after binary generation for scaling: Mnew=1000.000000 
Scaling to astrophysical units. rscale=1.304994; vscale=1.815416

New Time scaling: tscale=0.718840 

-----OUTPUT-----      

Data written to mc.input and mc.dat.10


-----FINISH-----  

Elapsed time: 5.85201 sec
