============================================================
 作业1: 星团数值模拟
 N            = 1000
 半质量半径   = 1 pc (Plummer)
 积分时间     = 200.0 Myr
 输出间隔     = 1.0 Myr
 随机种子     = 随机抽取（自动重试直到通过能量自检）
 输出目录     = /root/FESC/homework/homework_1/output
============================================================

------------------------------------------------------------
[尝试 1/10]  随机种子 seed = 4852
------------------------------------------------------------
[1/6] mcluster 生成 Plummer 球初始条件 ...
[2/6] 转换为 PeTar 输入文件 input ...
[3/6] petar.select 选择最优二进制版本 ...
[4/6] 树时间步 dt_soft = 0.001953125 Myr
[5/6] 运行 PeTar N 体模拟 (0 -> 200.0 Myr) ...
      --- 能量守恒自检 ---
      跑到 t=200.0 Myr；E: -242.22 -> 256.05；max|Modify| = 409；dump 文件 0 个
      ❌ REJECT|max|Modify|/|E0| = 1.69 > 0.01  -> 该实现数值失稳，重抽种子
      证据已保存到 /root/FESC/homework/homework_1/evidence/seed4852_fail

------------------------------------------------------------
[尝试 2/10]  随机种子 seed = 19046
------------------------------------------------------------
[1/6] mcluster 生成 Plummer 球初始条件 ...
[2/6] 转换为 PeTar 输入文件 input ...
[3/6] petar.select 选择最优二进制版本 ...
[4/6] 树时间步 dt_soft = 0.001953125 Myr
[5/6] 运行 PeTar N 体模拟 (0 -> 200.0 Myr) ...
      --- 能量守恒自检 ---
      跑到 t=200.0 Myr；E: -255.33 -> -258.21；max|Modify| = 0.0684；dump 文件 6 个
      ✅ PASS|dE/E = 1.130e-02，max|Modify|/|E0| = 2.679e-04（6 个偶发 hard_large_energy 诊断，属可接受范围）

============================================================
 选定实现: seed = 19046 （已通过能量守恒自检）
============================================================
seed            = 19046
N               = 1000
R_half          = 1 pc (Plummer)
t_end           = 200.0 Myr
tree_dt         = 0.001953125 Myr
OMP_NUM_THREADS = 4
E(0)            = -255.326100
E(t_end)        = -258.211700
|dE/E|          = 1.130e-02
max|Modify|     = 0.0683936
hard_large_energy 诊断文件数 = 6

复现命令:  SEED_OVERRIDE=19046 bash run_cluster.sh

[6/6] 后处理 (gether + process) ...

生成动画与拉格朗日半径演化图 ...

============================================================
 全部完成！主要产物：
   /root/FESC/homework/homework_1/output/movie.mp4        <- 星团动画 + 拉格朗日半径演化
   /root/FESC/homework/homework_1/output/data.lagr   <- 拉格朗日半径数据
   /root/FESC/homework/homework_1/output/data.*.png  <- 各时刻快照图
   /root/FESC/homework/homework_1/output/SEED.txt         <- 使用的随机种子（可复现）
   /root/FESC/homework/homework_1/output/output           <- PeTar 运行日志
============================================================
