
-----START----         


Using OpenMP with 16 threads


Random seed = 19046



NMAX: 10000000


-----GENERATE MASSES-----     

Maximum stellar mass set to: 150.00
Estimated escape velocity of cluster assuming mean stellar mass of 0.4 Msun = 28.2843 km/s

Setting up stellar population with Z = 0.0200.
Total mass: 575.942	(1000 stars)
Most massive star: 42.6773
Mean masses theoretical/data: 0.585934 0.575942


-----GENERATE POSITIONS & VELOCITIES-----   

Approximate tidal radius: 12.2735 (pc)

Generating Plummer model with parameters: N = 1000	 Rh = 1.000	 D = 3.00
Setting cut-off radius of Plummer sphere to approximate tidal radius

Generating Orbits:
Generating orbit #0

Applying centre-of-mass correction.

Re-scaling of orbits (dt ~ N^2!)
Dynamical temperature of centre-of-mass particles kT = 0.575942


Estimating appropriate NNBMAX = 63 and RS0 = 0.374199 [pc]

measuring half-mass radius: 1.0000000 	 0.9693277 (should/is)
and correcting for this factor

rvir = 1.46582	 rh = 1.00000	 rplummer = 0.76628	 rtide = 12.27347 (pc)

Radial density profile:

#  R [pc]   N [1/pc^3]   M [Msun/pc^3]   L [Lsun/pc^3]   N [1/pc^2]   M [Msun/pc^2]   L [Lsun/pc^2] 
   0.1000       0.0000          0.0000          0.0000     286.4789        453.8395          0.0000
   0.1304     196.3076        619.3541          0.0000     227.4332        264.7515          0.0000
   0.1700     442.9097        275.6413          0.0000     374.6426        148.5871          0.0000
   0.2216     279.8022        154.8616          0.0000     283.3785        174.2442          0.0000
   0.2889     270.5530        108.2865          0.0000     287.1187        133.6161          0.0000
   0.3767     260.4468        184.1970          0.0000     245.1984         90.8303          0.0000
   0.4911     110.1789         68.5108          0.0000     237.2150        253.1782          0.0000
   0.6403     124.2929        151.7623          0.0000     179.1593        142.8340          0.0000
   0.8348      74.7813         42.3875          0.0000     139.7950         73.1091          0.0000
   1.0884      49.2667         37.5134          0.0000      82.8953         57.9067          0.0000
   1.4190      18.8812          6.9234          0.0000      44.1600         20.7866          0.0000
   1.8500       9.9629          4.4093          0.0000      27.1093         10.7303          0.0000
   2.4119       3.4725          1.5015          0.0000      10.8982          4.7841          0.0000
   3.1446       1.1332          0.5920          0.0000       5.0823          2.1733          0.0000
   4.0998       0.2904          0.0987          0.0000       1.2420          0.4679          0.0000
   5.3452       0.1054          0.0643          0.0000       0.6765          0.3837          0.0000
   6.9688       0.0347          0.0171          0.0000       0.2070          0.0650          0.0000
   9.0856       0.0058          0.0036          0.0000       0.0562          0.0423          0.0000
  11.8455       0.0010          0.0001          0.0000       0.0110          0.0020          0.0000
  15.4436       0.0004          0.0001          0.0000       0.0032          0.0003          0.0000

Cumulative profile:

#  R [pc]         N     M [Msun]     L [Lsun]    N (2D)    M(2D) [Msun]    L(2D) [Lsun]
   0.1000         0        0.000        0.000         9         14.2578          0.0000
   0.1304         1        3.155        0.000        14         20.0782          0.0000
   0.1700         6        6.267        0.000        28         25.6308          0.0000
   0.2216        13       10.141        0.000        46         36.6986          0.0000
   0.2889        28       16.145        0.000        77         51.1251          0.0000
   0.3767        60       38.776        0.000       122         67.7947          0.0000
   0.4911        90       57.431        0.000       196        146.7745          0.0000
   0.6403       165      149.006        0.000       291        222.5128          0.0000
   0.8348       265      205.688        0.000       417        288.4075          0.0000
   1.0884       411      316.857        0.000       544        377.1236          0.0000
   1.4190       535      362.326        0.000       659        431.2555          0.0000
   1.8500       680      426.499        0.000       779        478.7534          0.0000
   2.4119       792      474.927        0.000       861        514.7498          0.0000
   3.1446       873      517.244        0.000       926        542.5446          0.0000
   4.0998       919      532.885        0.000       953        552.7159          0.0000
   5.3452       956      555.456        0.000       978        566.8953          0.0000
   6.9688       983      568.723        0.000       991        570.9756          0.0000
   9.0856       993      574.924        0.000       997        575.4931          0.0000
  11.8455       997      575.485        0.000       999        575.8517          0.0000
  15.4436      1000      575.942        0.000      1000        575.9418          0.0000

Half-number radius = 1.3309 pc (0.9869 pc, 2D)
Half-mass radius = 1.0000 pc (0.8321 pc, 2D)
Half-light radius = 0.1269 pc (0.0286 pc, 2D)

Estimating appropriate NNBMAX = 63 and RS0 = 0.386040 [pc]

Actual half-mass radius of the cluster = (1.0000 / 0.8321) pc (3D / 2D)


-----GENERATE BINARIES-----   

No primordial binaries!


-----SCALING-----      

Re-calculate the total mass after binary generation for scaling: Mnew=575.941751 
Scaling to astrophysical units. rscale=1.465821; vscale=1.299958

New Time scaling: tscale=1.127590 

-----OUTPUT-----      

Data written to mc.input and mc.dat.10


-----FINISH-----  

Elapsed time: 2.06418 sec
