interrupt_mode none
external_mode none
boxsize 20
rlagr_min 0.01
rlagr_max 1000.0
rlagr_scale log
processing  data.153
processing  data.154
processing  data.155
processing  data.156
processing  data.157
processing  data.158
processing  data.159
processing  data.160
processing  data.161
processing  data.162
processing  data.163
processing  data.164
processing  data.165
processing  data.166
processing  data.167
processing  data.168
processing  data.169
processing  data.170
processing  data.171
processing  data.172
processing  data.173
processing  data.174
processing  data.175
processing  data.176
processing  data.117
processing  data.118
processing  data.119
processing  data.120
processing  data.121
processing  data.122
processing  data.123
processing  data.124
processing  data.125
processing  data.126
processing  data.127
processing  data.128
processing  data.129
processing  data.130
processing  data.131
processing  data.132
processing  data.133
processing  data.134
processing  data.135
processing  data.136
processing  data.137
processing  data.138
processing  data.139
processing  data.140
processing  data.141
processing  data.142
processing  data.143
processing  data.144
processing  data.145
processing  data.146
processing  data.147
processing  data.148
processing  data.149
processing  data.150
processing  data.151
processing  data.152
processing  data.13
processing  data.14
processing  data.15
processing  data.16
processing  data.17
processing  data.18
processing  data.19
processing  data.20
processing  data.21
processing  data.22
processing  data.23
processing  data.24
processing  data.25
processing  data.0
processing  data.1
processing  data.2
processing  data.3
processing  data.4
processing  data.5
processing  data.6
processing  data.7
processing  data.8
processing  data.9
processing  data.10
processing  data.11
processing  data.12
processing  data.104
processing  data.105
processing  data.106
processing  data.107
processing  data.108
processing  data.109
processing  data.110
processing  data.111
processing  data.112
processing  data.113
processing  data.114
processing  data.115
processing  data.116
processing  data.52
processing  data.53
processing  data.54
processing  data.55
processing  data.56
processing  data.57
processing  data.58
processing  data.59
processing  data.60
processing  data.61
processing  data.62
processing  data.63
processing  data.64
processing  data.189
processing  data.190
processing  data.191
processing  data.192
processing  data.193
processing  data.194
processing  data.195
processing  data.196
processing  data.197
processing  data.198
processing  data.199
processing  data.200
processing  data.65
processing  data.66
processing  data.67
processing  data.68
processing  data.69
processing  data.70
processing  data.71
processing  data.72
processing  data.73
processing  data.74
processing  data.75
processing  data.76
processing  data.77
processing  data.26
processing  data.27
processing  data.28
processing  data.29
processing  data.30
processing  data.31
processing  data.32
processing  data.33
processing  data.34
processing  data.35
processing  data.36
processing  data.37
processing  data.38
processing  data.177
processing  data.178
processing  data.179
processing  data.180
processing  data.181
processing  data.182
processing  data.183
processing  data.184
processing  data.185
processing  data.186
processing  data.187
processing  data.188
processing  data.39
processing  data.40
processing  data.41
processing  data.42
processing  data.43
processing  data.44
processing  data.45
processing  data.46
processing  data.47
processing  data.48
processing  data.49
processing  data.50
processing  data.51
processing  data.91
processing  data.92
processing  data.93
processing  data.94
processing  data.95
processing  data.96
processing  data.97
processing  data.98
processing  data.99
processing  data.100
processing  data.101
processing  data.102
processing  data.103
processing  data.78
processing  data.79
processing  data.80
processing  data.81
processing  data.82
processing  data.83
processing  data.84
processing  data.85
processing  data.86
processing  data.87
processing  data.88
processing  data.89
processing  data.90
IMAGEIO FFMPEG_WRITER WARNING: input image is not divisible by macro_block_size=16, resizing from (711, 379) to (720, 384) to ensure video compatibility with most codecs and players. To prevent resizing, make your input image divisible by the macro_block_size or set the macro_block_size to 1 (risking incompatibility).
