
-----START----         


Using OpenMP with 16 threads


Random seed = 9401



NMAX: 10000000


-----GENERATE MASSES-----     

Setting multiple component systems

 mass 1, fraction 0.5, number 500

 mass 10, fraction 0.5, number 500

M = 5500


-----GENERATE POSITIONS & VELOCITIES-----   

Approximate tidal radius: 100000 (pc)

Generating Plummer model with parameters: N = 1000	 Rh = 1.000	 D = 3.00
Setting cut-off radius of Plummer sphere to approximate tidal radius

Generating Orbits:
Generating orbit #0

Applying centre-of-mass correction.

Re-scaling of orbits (dt ~ N^2!)
Dynamical temperature of centre-of-mass particles kT = 5.500000


Estimating appropriate NNBMAX = 63 and RS0 = 0.405825 [pc]

measuring half-mass radius: 1.0000000 	 1.2526864 (should/is)
and correcting for this factor

rvir = 1.32316	 rh = 1.00000	 rplummer = 0.76628	 rtide = 100000.00000 (pc)

Radial density profile:

#  R [pc]   N [1/pc^3]   M [Msun/pc^3]   L [Lsun/pc^3]   N [1/pc^2]   M [Msun/pc^2]   L [Lsun/pc^2] 
   0.1000       0.0000          0.0000          0.0000     541.1268       3405.9158          0.0000
   0.1306     971.0257       4466.7180          0.0000     630.7507       3874.6117          0.0000
   0.1707     261.3469       2613.4693          0.0000     580.8215       2719.3008          0.0000
   0.2229     508.0132       2618.2216          0.0000     556.9457       1949.3098          0.0000
   0.2912     455.7644       1875.6458          0.0000     380.7588       2012.5821          0.0000
   0.3804     306.6670       1651.2841          0.0000     334.6813       1912.4647          0.0000
   0.4970     317.4538       1777.7410          0.0000     351.7707       2060.8160          0.0000
   0.6492     148.7309        789.5397          0.0000     229.8487       1346.2567          0.0000
   0.8481      95.8170        638.7801          0.0000     121.8615        737.5830          0.0000
   1.1079      44.5730        222.2285          0.0000      78.3001        399.6436          0.0000
   1.4473      18.8518        102.3998          0.0000      37.0735        202.2526          0.0000
   1.8906       6.4064         33.5056          0.0000      15.4869         89.0498          0.0000
   2.4698       2.4714         13.0756          0.0000       7.4366         32.3934          0.0000
   3.2264       0.6188          3.1712          0.0000       2.9544         15.5846          0.0000
   4.2147       0.2140          1.3069          0.0000       0.9955          6.8385          0.0000
   5.5058       0.0597          0.3165          0.0000       0.3044          1.4457          0.0000
   7.1925       0.0128          0.0652          0.0000       0.1783          0.8471          0.0000
   9.3958       0.0063          0.0344          0.0000       0.0523          0.2874          0.0000
  12.2740       0.0009          0.0073          0.0000       0.0102          0.1021          0.0000
  16.0340       0.0002          0.0021          0.0000       0.0030          0.0299          0.0000

Cumulative profile:

#  R [pc]         N     M [Msun]     L [Lsun]    N (2D)    M(2D) [Msun]    L(2D) [Lsun]
   0.1000         0        0.000        0.000        17        107.0000          0.0000
   0.1306         5       23.000        0.000        31        193.0000          0.0000
   0.1707         8       53.000        0.000        53        296.0000          0.0000
   0.2229        21      120.000        0.000        89        422.0000          0.0000
   0.2912        47      227.000        0.000       131        644.0000          0.0000
   0.3804        86      437.000        0.000       194       1004.0000          0.0000
   0.4970       176      941.000        0.000       307       1666.0000          0.0000
   0.6492       270     1440.000        0.000       433       2404.0000          0.0000
   0.8481       405     2340.000        0.000       547       3094.0000          0.0000
   1.1079       545     3038.000        0.000       672       3732.0000          0.0000
   1.4473       677     3755.000        0.000       773       4283.0000          0.0000
   1.8906       777     4278.000        0.000       845       4697.0000          0.0000
   2.4698       863     4733.000        0.000       904       4954.0000          0.0000
   3.2264       911     4979.000        0.000       944       5165.0000          0.0000
   4.2147       948     5205.000        0.000       967       5323.0000          0.0000
   5.5058       971     5327.000        0.000       979       5380.0000          0.0000
   7.1925       982     5383.000        0.000       991       5437.0000          0.0000
   9.3958       994     5449.000        0.000       997       5470.0000          0.0000
  12.2740       998     5480.000        0.000       999       5490.0000          0.0000
  16.0340      1000     5500.000        0.000      1000       5500.0000          0.0000

Half-number radius = 1.0118 pc (0.7658 pc, 2D)
Half-mass radius = 1.0000 pc (0.7503 pc, 2D)
Half-light radius = 0.1050 pc (0.0468 pc, 2D)

Estimating appropriate NNBMAX = 63 and RS0 = 0.323964 [pc]

Actual half-mass radius of the cluster = (1.0000 / 0.7503) pc (3D / 2D)


-----GENERATE BINARIES-----   

No primordial binaries!


-----SCALING-----      

Re-calculate the total mass after binary generation for scaling: Mnew=5500.000000 
Scaling to astrophysical units. rscale=1.323156; vscale=4.228208

New Time scaling: tscale=0.312935 

-----OUTPUT-----      

Data written to mc.input and mc.dat.10


-----FINISH-----  

Elapsed time: 2.20864 sec
