
-----START----         


Using OpenMP with 16 threads


Random seed = 14122



NMAX: 10000000


-----GENERATE MASSES-----     

Setting multiple component systems

 mass 1, fraction 0.9, number 900

 mass 10, fraction 0.1, number 100

M = 1900


-----GENERATE POSITIONS & VELOCITIES-----   

Approximate tidal radius: 100000 (pc)

Generating Plummer model with parameters: N = 1000	 Rh = 1.000	 D = 3.00
Setting cut-off radius of Plummer sphere to approximate tidal radius

Generating Orbits:
Generating orbit #0

Applying centre-of-mass correction.

Re-scaling of orbits (dt ~ N^2!)
Dynamical temperature of centre-of-mass particles kT = 1.900000


Estimating appropriate NNBMAX = 63 and RS0 = 0.443213 [pc]

measuring half-mass radius: 1.0000000 	 1.2886164 (should/is)
and correcting for this factor

rvir = 1.28417	 rh = 1.00000	 rplummer = 0.76628	 rtide = 100000.00000 (pc)

Radial density profile:

#  R [pc]   N [1/pc^3]   M [Msun/pc^3]   L [Lsun/pc^3]   N [1/pc^2]   M [Msun/pc^2]   L [Lsun/pc^2] 
   0.1000     716.1972       2864.7890          0.0000     509.2958        795.7747          0.0000
   0.1303    1181.7228       1181.7228          0.0000     547.4361        547.4361          0.0000
   0.1698     445.1690       1246.4733          0.0000     483.6728        967.3457          0.0000
   0.2212     482.9773        482.9773          0.0000     395.6820        823.0185          0.0000
   0.2882     382.0809        873.3278          0.0000     400.8683        988.1870          0.0000
   0.3756     246.7447        542.8383          0.0000     340.4489        636.9690          0.0000
   0.4893     249.1104        416.4234          0.0000     274.9200        507.7933          0.0000
   0.6376     196.6498        393.2996          0.0000     270.5221        459.1255          0.0000
   0.8308      88.8964        211.9837          0.0000     138.0214        289.5084          0.0000
   1.0825      52.8944        105.4453          0.0000      84.6016        173.8298          0.0000
   1.4105      19.5637         37.7299          0.0000      42.0455         87.5947          0.0000
   1.8378       8.4929         13.5465          0.0000      20.6379         35.0844          0.0000
   2.3946       2.4749          4.4738          0.0000       6.0780         12.1560          0.0000
   3.1201       0.7889          1.3052          0.0000       3.2618          5.4099          0.0000
   4.0655       0.2658          0.3242          0.0000       1.4995          1.9213          0.0000
   5.2972       0.0528          0.1055          0.0000       0.3036          0.3036          0.0000
   6.9021       0.0199          0.0318          0.0000       0.2113          0.3577          0.0000
   8.9933       0.0048          0.0102          0.0000       0.0287          0.1149          0.0000
  11.7181       0.0008          0.0032          0.0000       0.0113          0.0620          0.0000
  15.2684       0.0004          0.0004          0.0000       0.0033          0.0033          0.0000

Cumulative profile:

#  R [pc]         N     M [Msun]     L [Lsun]    N (2D)    M(2D) [Msun]    L(2D) [Lsun]
   0.1000         3       12.000        0.000        16         25.0000          0.0000
   0.1303         9       18.000        0.000        28         37.0000          0.0000
   0.1698        14       32.000        0.000        46         73.0000          0.0000
   0.2212        26       44.000        0.000        71        125.0000          0.0000
   0.2882        47       92.000        0.000       114        231.0000          0.0000
   0.3756        77      158.000        0.000       176        347.0000          0.0000
   0.4893       144      270.000        0.000       261        504.0000          0.0000
   0.6376       261      504.000        0.000       403        745.0000          0.0000
   0.8308       378      783.000        0.000       526       1003.0000          0.0000
   1.0825       532     1090.000        0.000       654       1266.0000          0.0000
   1.4105       658     1333.000        0.000       762       1491.0000          0.0000
   1.8378       779     1526.000        0.000       852       1644.0000          0.0000
   2.3946       857     1667.000        0.000       897       1734.0000          0.0000
   3.1201       912     1758.000        0.000       938       1802.0000          0.0000
   4.0655       953     1808.000        0.000       970       1843.0000          0.0000
   5.2972       971     1844.000        0.000       981       1854.0000          0.0000
   6.9021       986     1868.000        0.000       994       1876.0000          0.0000
   8.9933       994     1885.000        0.000       997       1888.0000          0.0000
  11.7181       997     1897.000        0.000       999       1899.0000          0.0000
  15.2684      1000     1900.000        0.000      1000       1900.0000          0.0000

Half-number radius = 1.0279 pc (0.7970 pc, 2D)
Half-mass radius = 1.0000 pc (0.7796 pc, 2D)
Half-light radius = 0.0668 pc (0.0315 pc, 2D)

Estimating appropriate NNBMAX = 63 and RS0 = 0.343945 [pc]

Actual half-mass radius of the cluster = (1.0000 / 0.7796) pc (3D / 2D)


-----GENERATE BINARIES-----   

No primordial binaries!


-----SCALING-----      

Re-calculate the total mass after binary generation for scaling: Mnew=1900.000000 
Scaling to astrophysical units. rscale=1.284169; vscale=2.522587

New Time scaling: tscale=0.509068 

-----OUTPUT-----      

Data written to mc.input and mc.dat.10


-----FINISH-----  

Elapsed time: 1.72411 sec
