
-----START----         


Using OpenMP with 16 threads


Random seed = 14303



NMAX: 10000000


-----GENERATE MASSES-----     

Setting multiple component systems

 mass 1, fraction 0.9, number 900

 mass 10, fraction 0.1, number 100

M = 1900


-----GENERATE POSITIONS & VELOCITIES-----   

Approximate tidal radius: 100000 (pc)

Generating Plummer model with parameters: N = 1000	 Rh = 1.000	 D = 3.00
Setting cut-off radius of Plummer sphere to approximate tidal radius

Generating Orbits:
Generating orbit #0

Applying centre-of-mass correction.

Re-scaling of orbits (dt ~ N^2!)
Dynamical temperature of centre-of-mass particles kT = 1.900000


Estimating appropriate NNBMAX = 63 and RS0 = 0.451438 [pc]

measuring half-mass radius: 1.0000000 	 1.3448585 (should/is)
and correcting for this factor

rvir = 1.28280	 rh = 1.00000	 rplummer = 0.76628	 rtide = 100000.00000 (pc)

Radial density profile:

#  R [pc]   N [1/pc^3]   M [Msun/pc^3]   L [Lsun/pc^3]   N [1/pc^2]   M [Msun/pc^2]   L [Lsun/pc^2] 
   0.1000     477.4648        477.4648          0.0000     541.1268       1114.0846          0.0000
   0.1396     555.4440        555.4440          0.0000     469.9879       1376.3932          0.0000
   0.1948     306.3991       1225.5963          0.0000     568.6476        878.8190          0.0000
   0.2719     507.0559       1183.1304          0.0000     459.9421        937.5743          0.0000
   0.3795     366.0360        738.9784          0.0000     381.3728        789.9865          0.0000
   0.5298     248.9029        408.9119          0.0000     265.6721        433.4649          0.0000
   0.7394     148.5104        299.8229          0.0000     193.7879        322.9798          0.0000
   1.0321      54.2716        106.8258          0.0000      91.4889        185.4339          0.0000
   1.4405      22.9902         45.7278          0.0000      46.3308         97.3893          0.0000
   2.0106       6.1784          8.6870          0.0000      15.0455         26.6936          0.0000
   2.8064       1.4350          3.1263          0.0000       5.3146          9.7989          0.0000
   3.9171       0.2387          0.4084          0.0000       1.1935          2.3444          0.0000
   5.4673       0.0531          0.0739          0.0000       0.3719          0.5689          0.0000
   7.6312       0.0161          0.0467          0.0000       0.1460          0.4492          0.0000
  10.6514       0.0028          0.0056          0.0000       0.0461          0.0980          0.0000
  14.8669       0.0002          0.0002          0.0000       0.0059          0.0059          0.0000
  20.7508       0.0000          0.0000          0.0000       0.0015          0.0015          0.0000
  28.9634       0.0000          0.0000          0.0000       0.0000          0.0000          0.0000
  40.4264       0.0000          0.0000          0.0000       0.0004          0.0004          0.0000
  56.4260       0.0000          0.0000          0.0000       0.0002          0.0002          0.0000

Cumulative profile:

#  R [pc]         N     M [Msun]     L [Lsun]    N (2D)    M(2D) [Msun]    L(2D) [Lsun]
   0.1000         2        2.000        0.000        17         35.0000          0.0000
   0.1396         6        6.000        0.000        31         76.0000          0.0000
   0.1948        12       30.000        0.000        64        127.0000          0.0000
   0.2719        39       93.000        0.000       116        233.0000          0.0000
   0.3795        92      200.000        0.000       200        407.0000          0.0000
   0.5298       190      361.000        0.000       314        593.0000          0.0000
   0.7394       349      682.000        0.000       476        863.0000          0.0000
   1.0321       507      993.000        0.000       625       1165.0000          0.0000
   1.4405       689     1355.000        0.000       772       1474.0000          0.0000
   2.0106       822     1542.000        0.000       865       1639.0000          0.0000
   2.8064       906     1725.000        0.000       929       1757.0000          0.0000
   3.9171       944     1790.000        0.000       957       1812.0000          0.0000
   5.4673       967     1822.000        0.000       974       1838.0000          0.0000
   7.6312       986     1877.000        0.000       987       1878.0000          0.0000
  10.6514       995     1895.000        0.000       995       1895.0000          0.0000
  14.8669       997     1897.000        0.000       997       1897.0000          0.0000
  20.7508       998     1898.000        0.000       998       1898.0000          0.0000
  28.9634       998     1898.000        0.000       998       1898.0000          0.0000
  40.4264       998     1898.000        0.000       999       1899.0000          0.0000
  56.4260      1000     1900.000        0.000      1000       1900.0000          0.0000

Half-number radius = 1.0164 pc (0.7831 pc, 2D)
Half-mass radius = 1.0000 pc (0.8198 pc, 2D)
Half-light radius = 0.0398 pc (0.0236 pc, 2D)

Estimating appropriate NNBMAX = 63 and RS0 = 0.335677 [pc]

Actual half-mass radius of the cluster = (1.0000 / 0.8198) pc (3D / 2D)


-----GENERATE BINARIES-----   

No primordial binaries!


-----SCALING-----      

Re-calculate the total mass after binary generation for scaling: Mnew=1900.000000 
Scaling to astrophysical units. rscale=1.282802; vscale=2.523931

New Time scaling: tscale=0.508255 

-----OUTPUT-----      

Data written to mc.input and mc.dat.10


-----FINISH-----  

Elapsed time: 2.68808 sec
