
-----START----         


Using OpenMP with 16 threads


Random seed = 21252



NMAX: 10000000


-----GENERATE MASSES-----     

Setting stellar masses to 1.0 solar mass

M = 1000


-----GENERATE POSITIONS & VELOCITIES-----   

Approximate tidal radius: 100000 (pc)

Generating Plummer model with parameters: N = 1000	 Rh = 1.000	 D = 3.00
Setting cut-off radius of Plummer sphere to approximate tidal radius

Generating Orbits:
Generating orbit #0

Applying centre-of-mass correction.

Re-scaling of orbits (dt ~ N^2!)
Dynamical temperature of centre-of-mass particles kT = 1.000000


Estimating appropriate NNBMAX = 63 and RS0 = 0.441404 [pc]

measuring half-mass radius: 1.0000000 	 1.3219439 (should/is)
and correcting for this factor

rvir = 1.29516	 rh = 1.00000	 rplummer = 0.76628	 rtide = 100000.00000 (pc)

Radial density profile:

#  R [pc]   N [1/pc^3]   M [Msun/pc^3]   L [Lsun/pc^3]   N [1/pc^2]   M [Msun/pc^2]   L [Lsun/pc^2] 
   0.1000    1193.6621       1193.6621          0.0000     732.1127        732.1127          0.0000
   0.1389       0.0000          0.0000          0.0000     239.7367        239.7367          0.0000
   0.1929     583.2340        583.2340          0.0000     532.5128        532.5128          0.0000
   0.2680     375.8914        375.8914          0.0000     469.1928        469.1928          0.0000
   0.3723     391.2400        391.2400          0.0000     352.8461        352.8461          0.0000
   0.5171     239.6322        239.6322          0.0000     294.0851        294.0851          0.0000
   0.7183     134.6344        134.6344          0.0000     204.9361        204.9361          0.0000
   0.9977      73.2448         73.2448          0.0000     104.8885        104.8885          0.0000
   1.3858      24.7541         24.7541          0.0000      50.9219         50.9219          0.0000
   1.9250       7.3678          7.3678          0.0000      17.1193         17.1193          0.0000
   2.6739       1.7929          1.7929          0.0000       5.7303          5.7303          0.0000
   3.7141       0.3048          0.3048          0.0000       1.2934          1.2934          0.0000
   5.1590       0.0777          0.0777          0.0000       0.5214          0.5214          0.0000
   7.1660       0.0166          0.0166          0.0000       0.1801          0.1801          0.0000
   9.9539       0.0035          0.0035          0.0000       0.0200          0.0200          0.0000
  13.8263       0.0003          0.0003          0.0000       0.0104          0.0104          0.0000
  19.2053       0.0002          0.0002          0.0000       0.0036          0.0036          0.0000
  26.6769       0.0000          0.0000          0.0000       0.0009          0.0009          0.0000
  37.0551       0.0000          0.0000          0.0000       0.0000          0.0000          0.0000
  51.4710       0.0000          0.0000          0.0000       0.0002          0.0002          0.0000

Cumulative profile:

#  R [pc]         N     M [Msun]     L [Lsun]    N (2D)    M(2D) [Msun]    L(2D) [Lsun]
   0.1000         5        5.000        0.000        23         23.0000          0.0000
   0.1389         5        5.000        0.000        30         30.0000          0.0000
   0.1929        16       16.000        0.000        60         60.0000          0.0000
   0.2680        35       35.000        0.000       111        111.0000          0.0000
   0.3723        88       88.000        0.000       185        185.0000          0.0000
   0.5171       175      175.000        0.000       304        304.0000          0.0000
   0.7183       306      306.000        0.000       464        464.0000          0.0000
   0.9977       497      497.000        0.000       622        622.0000          0.0000
   1.3858       670      670.000        0.000       770        770.0000          0.0000
   1.9250       808      808.000        0.000       866        866.0000          0.0000
   2.6739       898      898.000        0.000       928        928.0000          0.0000
   3.7141       939      939.000        0.000       955        955.0000          0.0000
   5.1590       967      967.000        0.000       976        976.0000          0.0000
   7.1660       983      983.000        0.000       990        990.0000          0.0000
   9.9539       992      992.000        0.000       993        993.0000          0.0000
  13.8263       994      994.000        0.000       996        996.0000          0.0000
  19.2053       997      997.000        0.000       998        998.0000          0.0000
  26.6769       999      999.000        0.000       999        999.0000          0.0000
  37.0551       999      999.000        0.000       999        999.0000          0.0000
  51.4710      1000     1000.000        0.000      1000       1000.0000          0.0000

Half-number radius = 1.0000 pc (0.7686 pc, 2D)
Half-mass radius = 1.0000 pc (0.7686 pc, 2D)
Half-light radius = 0.0654 pc (0.0338 pc, 2D)

Estimating appropriate NNBMAX = 63 and RS0 = 0.333905 [pc]

Actual half-mass radius of the cluster = (1.0000 / 0.7686) pc (3D / 2D)


-----GENERATE BINARIES-----   

No primordial binaries!


-----SCALING-----      

Re-calculate the total mass after binary generation for scaling: Mnew=1000.000000 
Scaling to astrophysical units. rscale=1.295156; vscale=1.822298

New Time scaling: tscale=0.710727 

-----OUTPUT-----      

Data written to mc.input and mc.dat.10


-----FINISH-----  

Elapsed time: 5.808 sec
