
-----START----         


Using OpenMP with 16 threads


Random seed = 4394



NMAX: 10000000


-----GENERATE MASSES-----     

Setting multiple component systems

 mass 1, fraction 0.5, number 500

 mass 10, fraction 0.5, number 500

M = 5500


-----GENERATE POSITIONS & VELOCITIES-----   

Approximate tidal radius: 100000 (pc)

Generating Plummer model with parameters: N = 1000	 Rh = 1.000	 D = 3.00
Setting cut-off radius of Plummer sphere to approximate tidal radius

Generating Orbits:
Generating orbit #0

Applying centre-of-mass correction.

Re-scaling of orbits (dt ~ N^2!)
Dynamical temperature of centre-of-mass particles kT = 5.500000


Estimating appropriate NNBMAX = 63 and RS0 = 0.425089 [pc]

measuring half-mass radius: 1.0000000 	 1.3090689 (should/is)
and correcting for this factor

rvir = 1.30141	 rh = 1.00000	 rplummer = 0.76628	 rtide = 100000.00000 (pc)

Radial density profile:

#  R [pc]   N [1/pc^3]   M [Msun/pc^3]   L [Lsun/pc^3]   N [1/pc^2]   M [Msun/pc^2]   L [Lsun/pc^2] 
   0.1000     954.9297       3103.5214          0.0000     477.4648       1623.3804          0.0000
   0.1419     128.6355        128.6355          0.0000     439.9489       2419.7191          0.0000
   0.2013     585.5499       4639.3568          0.0000     608.8523       4402.4702          0.0000
   0.2856     457.3811       2444.6230          0.0000     465.3414       2768.7812          0.0000
   0.4052     342.3983       2082.0023          0.0000     350.6186       1807.0342          0.0000
   0.5749     195.3084        995.8794          0.0000     264.1470       1556.1705          0.0000
   0.8156     112.4002        624.2953          0.0000     154.0475        787.3540          0.0000
   1.1572      45.7590        269.8119          0.0000      82.1982        481.8513          0.0000
   1.6418      14.5284         71.3135          0.0000      31.4478        151.8414          0.0000
   2.3293       3.4011         19.8836          0.0000       8.8608         50.8330          0.0000
   3.3047       0.6616          3.4099          0.0000       2.3168         12.7425          0.0000
   4.6887       0.1212          0.7627          0.0000       0.6330          3.7407          0.0000
   6.6521       0.0112          0.0337          0.0000       0.1287          0.3860          0.0000
   9.4379       0.0061          0.0297          0.0000       0.1065          0.6817          0.0000
  13.3902       0.0012          0.0054          0.0000       0.0141          0.0459          0.0000
  18.9977       0.0002          0.0011          0.0000       0.0053          0.0210          0.0000
  26.9535       0.0000          0.0002          0.0000       0.0000          0.0000          0.0000
  38.2409       0.0000          0.0001          0.0000       0.0013          0.0091          0.0000
  54.2553       0.0000          0.0000          0.0000       0.0000          0.0000          0.0000
  76.9760       0.0000          0.0000          0.0000       0.0001          0.0001          0.0000

Cumulative profile:

#  R [pc]         N     M [Msun]     L [Lsun]    N (2D)    M(2D) [Msun]    L(2D) [Lsun]
   0.1000         4       13.000        0.000        15         51.0000          0.0000
   0.1419         5       14.000        0.000        29        128.0000          0.0000
   0.2013        18      117.000        0.000        68        410.0000          0.0000
   0.2856        47      272.000        0.000       128        767.0000          0.0000
   0.4052       109      649.000        0.000       219       1236.0000          0.0000
   0.5749       210     1164.000        0.000       357       2049.0000          0.0000
   0.8156       376     2086.000        0.000       519       2877.0000          0.0000
   1.1572       569     3224.000        0.000       693       3897.0000          0.0000
   1.6418       744     4083.000        0.000       827       4544.0000          0.0000
   2.3293       861     4767.000        0.000       903       4980.0000          0.0000
   3.3047       926     5102.000        0.000       943       5200.0000          0.0000
   4.6887       960     5316.000        0.000       965       5330.0000          0.0000
   6.6521       969     5343.000        0.000       974       5357.0000          0.0000
   9.4379       983     5411.000        0.000       989       5453.0000          0.0000
  13.3902       991     5446.000        0.000       993       5466.0000          0.0000
  18.9977       994     5467.000        0.000       996       5478.0000          0.0000
  26.9535       996     5478.000        0.000       996       5478.0000          0.0000
  38.2409       998     5498.000        0.000       999       5499.0000          0.0000
  54.2553       999     5499.000        0.000       999       5499.0000          0.0000
  76.9760      1000     5500.000        0.000      1000       5500.0000          0.0000

Half-number radius = 1.0353 pc (0.7741 pc, 2D)
Half-mass radius = 1.0000 pc (0.7689 pc, 2D)
Half-light radius = 0.0227 pc (0.0029 pc, 2D)

Estimating appropriate NNBMAX = 63 and RS0 = 0.324726 [pc]

Actual half-mass radius of the cluster = (1.0000 / 0.7689) pc (3D / 2D)


-----GENERATE BINARIES-----   

No primordial binaries!


-----SCALING-----      

Re-calculate the total mass after binary generation for scaling: Mnew=5500.000000 
Scaling to astrophysical units. rscale=1.301408; vscale=4.263390

New Time scaling: tscale=0.305252 

-----OUTPUT-----      

Data written to mc.input and mc.dat.10


-----FINISH-----  

Elapsed time: 2.68797 sec
